 dsoframer

 Timestamp is 533cf7e8 (Thu Apr 03 13:55:52 2014)

 Preferred load address is 22000000

 Start         Length     Name                   Class
 0001:00000000 000521a2H .text                   CODE
 0001:000521b0 00000463H .text$x                 CODE
 0002:00000000 000004a0H .idata$5                DATA
 0002:000004a0 00000004H .CRT$XCA                DATA
 0002:000004a4 00000004H .CRT$XCZ                DATA
 0002:000004a8 00000004H .CRT$XIA                DATA
 0002:000004ac 00000010H .CRT$XIC                DATA
 0002:000004bc 00000004H .CRT$XIZ                DATA
 0002:000004c0 00000004H .CRT$XPA                DATA
 0002:000004c4 00000008H .CRT$XPX                DATA
 0002:000004cc 00000004H .CRT$XPXA               DATA
 0002:000004d0 00000004H .CRT$XPZ                DATA
 0002:000004d4 00000004H .CRT$XTA                DATA
 0002:000004d8 00000004H .CRT$XTZ                DATA
 0002:000004e0 00013350H .rdata                  DATA
 0002:00013830 00000040H .rdata$debug            DATA
 0002:00013870 00001304H .rdata$r                DATA
 0002:00014b80 0000004cH .rdata$sxdata           DATA
 0002:00014bcc 00000004H .rtc$IAA                DATA
 0002:00014bd0 00000004H .rtc$IZZ                DATA
 0002:00014bd4 00000004H .rtc$TAA                DATA
 0002:00014bd8 00000004H .rtc$TZZ                DATA
 0002:00014be0 00000e44H .xdata$x                DATA
 0002:00015a24 000000c8H .idata$2                DATA
 0002:00015aec 00000014H .idata$3                DATA
 0002:00015b00 000004a0H .idata$4                DATA
 0002:00015fa0 00001222H .idata$6                DATA
 0002:000171d0 000000a6H .edata                  DATA
 0003:00000000 00001880H .data                   DATA
 0003:00001880 00001f40H .bss                    DATA
 0004:00000000 000001d0H .rsrc$01                DATA
 0004:000001d0 00003a28H .rsrc$02                DATA

  Address         Publics by Value              Rva+Base       Lib:Object

 0000:00000000       __except_list              00000000     <absolute>
 0000:00000013       ___safe_se_handler_count   00000013     <absolute>
 0000:00000000       ___ImageBase               22000000     <linker-defined>
 0001:00000000       ?QueryInterface@CDsoFramerClassFactory@@UAGJABU_GUID@@PAPAX@Z 22001000 f   classfactory.obj
 0001:00000080       ?AddRef@CDsoFramerClassFactory@@UAGKXZ 22001080 f   classfactory.obj
 0001:000000f0       ?Release@CDsoFramerClassFactory@@UAGKXZ 220010f0 f   classfactory.obj
 0001:000001c0       ?CreateInstance@CDsoFramerClassFactory@@UAGJPAUIUnknown@@ABU_GUID@@PAPAX@Z 220011c0 f   classfactory.obj
 0001:00000310       ?LockServer@CDsoFramerClassFactory@@UAGJH@Z 22001310 f   classfactory.obj
 0001:00000380       _==                        22001380 f i classfactory.obj
 0001:000003a0       _IsEqualGUID               220013a0 f i classfactory.obj
 0001:000003c0       ??_GCDsoFramerClassFactory@@QAEPAXI@Z 220013c0 f i classfactory.obj
 0001:000003f0       ??1CDsoFramerClassFactory@@QAE@XZ 220013f0 f i classfactory.obj
 0001:00000410       _!=                        22001410 f i classfactory.obj
 0001:00000430       ??_GCDsoFramerControl@@QAEPAXI@Z 22001430 f i classfactory.obj
 0001:00000460       ?Activate@CDsoFramerControl@@UAGJXZ 22001460 f   dsofauto.obj
 0001:000004f0       ?get_ActiveDocument@CDsoFramerControl@@UAGJPAPAUIDispatch@@@Z 220014f0 f   dsofauto.obj
 0001:000005e0       ?ExecOleCommand@CDsoFramerControl@@UAGJJUtagVARIANT@@PAU2@1@Z 220015e0 f   dsofauto.obj
 0001:00000890       ?CreateNew@CDsoFramerControl@@UAGJPA_W@Z 22001890 f   dsofauto.obj
 0001:00000dc0       ?Open@CDsoFramerControl@@UAGJUtagVARIANT@@0000@Z 22001dc0 f   dsofauto.obj
 0001:000012b0       ?Save@CDsoFramerControl@@UAGJUtagVARIANT@@000@Z 220022b0 f   dsofauto.obj
 0001:00001660       ?Close@CDsoFramerControl@@UAGJXZ 22002660 f   dsofauto.obj
 0001:000017c0       ?put_Caption@CDsoFramerControl@@UAGJPA_W@Z 220027c0 f   dsofauto.obj
 0001:00001840       ?get_Caption@CDsoFramerControl@@UAGJPAPA_W@Z 22002840 f   dsofauto.obj
 0001:00001890       ?put_Titlebar@CDsoFramerControl@@UAGJF@Z 22002890 f   dsofauto.obj
 0001:00001960       ?get_Titlebar@CDsoFramerControl@@UAGJPAF@Z 22002960 f   dsofauto.obj
 0001:000019a0       ?put_Toolbars@CDsoFramerControl@@UAGJF@Z 220029a0 f   dsofauto.obj
 0001:00001ab0       ?get_Toolbars@CDsoFramerControl@@UAGJPAF@Z 22002ab0 f   dsofauto.obj
 0001:00001af0       ?put_ModalState@CDsoFramerControl@@UAGJF@Z 22002af0 f   dsofauto.obj
 0001:00001ba0       ?get_ModalState@CDsoFramerControl@@UAGJPAF@Z 22002ba0 f   dsofauto.obj
 0001:00001be0       ?ShowDialog@CDsoFramerControl@@UAGJW4dsoShowDialogType@@@Z 22002be0 f   dsofauto.obj
 0001:00001d20       ?put_EnableFileCommand@CDsoFramerControl@@UAGJW4dsoFileCommandType@@F@Z 22002d20 f   dsofauto.obj
 0001:00001e30       ?get_EnableFileCommand@CDsoFramerControl@@UAGJW4dsoFileCommandType@@PAF@Z 22002e30 f   dsofauto.obj
 0001:00001ec0       ?put_BorderStyle@CDsoFramerControl@@UAGJW4dsoBorderStyle@@@Z 22002ec0 f   dsofauto.obj
 0001:00001f70       ?get_BorderStyle@CDsoFramerControl@@UAGJPAW4dsoBorderStyle@@@Z 22002f70 f   dsofauto.obj
 0001:00001fa0       ?put_BorderColor@CDsoFramerControl@@UAGJK@Z 22002fa0 f   dsofauto.obj
 0001:00001ff0       ?get_BorderColor@CDsoFramerControl@@UAGJPAK@Z 22002ff0 f   dsofauto.obj
 0001:00002010       ?put_BackColor@CDsoFramerControl@@UAGJK@Z 22003010 f   dsofauto.obj
 0001:00002060       ?get_BackColor@CDsoFramerControl@@UAGJPAK@Z 22003060 f   dsofauto.obj
 0001:00002080       ?put_ForeColor@CDsoFramerControl@@UAGJK@Z 22003080 f   dsofauto.obj
 0001:000020d0       ?get_ForeColor@CDsoFramerControl@@UAGJPAK@Z 220030d0 f   dsofauto.obj
 0001:000020f0       ?put_TitlebarColor@CDsoFramerControl@@UAGJK@Z 220030f0 f   dsofauto.obj
 0001:00002140       ?get_TitlebarColor@CDsoFramerControl@@UAGJPAK@Z 22003140 f   dsofauto.obj
 0001:00002160       ?put_TitlebarTextColor@CDsoFramerControl@@UAGJK@Z 22003160 f   dsofauto.obj
 0001:000021b0       ?get_TitlebarTextColor@CDsoFramerControl@@UAGJPAK@Z 220031b0 f   dsofauto.obj
 0001:000021d0       ?put_Menubar@CDsoFramerControl@@UAGJF@Z 220031d0 f   dsofauto.obj
 0001:000022b0       ?get_Menubar@CDsoFramerControl@@UAGJPAF@Z 220032b0 f   dsofauto.obj
 0001:000022f0       ?put_HostName@CDsoFramerControl@@UAGJPA_W@Z 220032f0 f   dsofauto.obj
 0001:00002390       ?get_HostName@CDsoFramerControl@@UAGJPAPA_W@Z 22003390 f   dsofauto.obj
 0001:000023e0       ?get_DocumentFullName@CDsoFramerControl@@UAGJPAPA_W@Z 220033e0 f   dsofauto.obj
 0001:00002440       ?get_DocumentName@CDsoFramerControl@@UAGJPAPA_W@Z 22003440 f   dsofauto.obj
 0001:000024a0       ?get_IsReadOnly@CDsoFramerControl@@UAGJPAF@Z 220034a0 f   dsofauto.obj
 0001:00002500       ?get_IsDirty@CDsoFramerControl@@UAGJPAF@Z 22003500 f   dsofauto.obj
 0001:00002560       ?put_LockServer@CDsoFramerControl@@UAGJF@Z 22003560 f   dsofauto.obj
 0001:000025f0       ?get_LockServer@CDsoFramerControl@@UAGJPAF@Z 220035f0 f   dsofauto.obj
 0001:00002630       ?GetDataObjectContent@CDsoFramerControl@@UAGJUtagVARIANT@@PAU2@@Z 22003630 f   dsofauto.obj
 0001:000026c0       ?SetDataObjectContent@CDsoFramerControl@@UAGJUtagVARIANT@@0@Z 220036c0 f   dsofauto.obj
 0001:00002740       ?put_ActivationPolicy@CDsoFramerControl@@UAGJW4dsoActivationPolicy@@@Z 22003740 f   dsofauto.obj
 0001:000027c0       ?get_ActivationPolicy@CDsoFramerControl@@UAGJPAW4dsoActivationPolicy@@@Z 220037c0 f   dsofauto.obj
 0001:000027e0       ?put_FrameHookPolicy@CDsoFramerControl@@UAGJW4dsoFrameHookPolicy@@@Z 220037e0 f   dsofauto.obj
 0001:000028c0       ?get_FrameHookPolicy@CDsoFramerControl@@UAGJPAW4dsoFrameHookPolicy@@@Z 220038c0 f   dsofauto.obj
 0001:000028e0       ?put_MenuAccelerators@CDsoFramerControl@@UAGJF@Z 220038e0 f   dsofauto.obj
 0001:00002920       ?get_MenuAccelerators@CDsoFramerControl@@UAGJPAF@Z 22003920 f   dsofauto.obj
 0001:00002960       ?put_EventsEnabled@CDsoFramerControl@@UAGJF@Z 22003960 f   dsofauto.obj
 0001:000029a0       ?get_EventsEnabled@CDsoFramerControl@@UAGJPAF@Z 220039a0 f   dsofauto.obj
 0001:000029e0       ?GetTypeInfoCount@CDsoFramerControl@@UAGJPAI@Z 220039e0 f   dsofauto.obj
 0001:00002a00       ?GetTypeInfo@CDsoFramerControl@@UAGJIKPAPAUITypeInfo@@@Z 22003a00 f   dsofauto.obj
 0001:00002ab0       ?GetIDsOfNames@CDsoFramerControl@@UAGJABU_GUID@@PAPA_WIKPAJ@Z 22003ab0 f   dsofauto.obj
 0001:00002b40       ?Invoke@CDsoFramerControl@@UAGJJABU_GUID@@KGPAUtagDISPPARAMS@@PAUtagVARIANT@@PAUtagEXCEPINFO@@PAI@Z 22003b40 f   dsofauto.obj
 0001:00002c60       ?ProvideErrorInfo@CDsoFramerControl@@QAGJJ@Z 22003c60 f   dsofauto.obj
 0001:00002c90       ?GetActiveObject@CDsoDocObject@@QAEPAUIOleInPlaceActiveObject@@XZ 22003c90 f i dsofauto.obj
 0001:00002cb0       ?GetOleObject@CDsoDocObject@@QAEPAUIOleObject@@XZ 22003cb0 f i dsofauto.obj
 0001:00002cd0       ?InPrintPreview@CDsoDocObject@@QAEHXZ 22003cd0 f i dsofauto.obj
 0001:00002d10       ?RedrawCaption@CDsoFramerControl@@QAIXXZ 22003d10 f i dsofauto.obj
 0001:00002dc0       ?GetSizeRectForMenuBar@CDsoFramerControl@@QAIXPAUtagRECT@@0@Z 22003dc0 f i dsofauto.obj
 0001:00002df0       ?GetSizeRectAfterTitlebar@CDsoFramerControl@@QAIXPAUtagRECT@@0@Z 22003df0 f i dsofauto.obj
 0001:00002e40       ?GetSizeRectAfterBorder@CDsoFramerControl@@QAIXPAUtagRECT@@0@Z 22003e40 f i dsofauto.obj
 0001:00002ee0       ?FDelayFrameHookSet@CDsoFramerControl@@QAIHXZ 22003ee0 f i dsofauto.obj
 0001:00002f00       ?GetSourceName@CDsoDocObject@@QAEPB_WXZ 22003f00 f i dsofauto.obj
 0001:00002f40       ?GetSourceDocName@CDsoDocObject@@QAEPB_WXZ 22003f40 f i dsofauto.obj
 0001:00002f80       ??_GCDsoDocObject@@QAEPAXI@Z 22003f80 f i dsofauto.obj
 0001:00002fb0       ?ViewChanged@CDsoFramerControl@@QAIXXZ 22003fb0 f i dsofauto.obj
 0001:00003060       ?IsReadOnly@CDsoDocObject@@QAEHXZ 22004060 f i dsofauto.obj
 0001:00003090       ??0CDsoFramerControl@@QAE@PAUIUnknown@@@Z 22004090 f   dsofcontrol.obj
 0001:00003230       ??1CDsoFramerControl@@QAE@XZ 22004230 f   dsofcontrol.obj
 0001:000035f0       ?InitializeNewInstance@CDsoFramerControl@@QAGJXZ 220045f0 f   dsofcontrol.obj
 0001:000036d0       ?InPlaceActivate@CDsoFramerControl@@QAGJJ@Z 220046d0 f   dsofcontrol.obj
 0001:00003b90       ?UIActivate@CDsoFramerControl@@QAGJH@Z 22004b90 f   dsofcontrol.obj
 0001:00003d80       ?SetInPlaceVisible@CDsoFramerControl@@QAGXH@Z 22004d80 f   dsofcontrol.obj
 0001:00003e10       ?OnDraw@CDsoFramerControl@@QAGXKPAUHDC__@@PAUtagRECT@@10H@Z 22004e10 f   dsofcontrol.obj
 0001:00004a60       ?OnDestroyWindow@CDsoFramerControl@@QAGXXZ 22005a60 f   dsofcontrol.obj
 0001:00004b40       ?OnResize@CDsoFramerControl@@QAGXXZ 22005b40 f   dsofcontrol.obj
 0001:00004bc0       ?OnMouseMove@CDsoFramerControl@@QAGXII@Z 22005bc0 f   dsofcontrol.obj
 0001:00004d60       ?OnButtonDown@CDsoFramerControl@@QAGXII@Z 22005d60 f   dsofcontrol.obj
 0001:00005140       ?OnMenuMessage@CDsoFramerControl@@QAGXIIJ@Z 22006140 f   dsofcontrol.obj
 0001:00005610       ?OnToolbarAction@CDsoFramerControl@@QAGXK@Z 22006610 f   dsofcontrol.obj
 0001:000059c0       ?FAlertUser@CDsoFramerControl@@QAGHJPA_W@Z 220069c0 f   dsofcontrol.obj
 0001:00005b50       ?EnableDropFile@CDsoFramerControl@@QAGXH@Z 22006b50 f   dsofcontrol.obj
 0001:00005bb0       ?OnDropFile@CDsoFramerControl@@QAGXPAUHDROP__@@@Z 22006bb0 f   dsofcontrol.obj
 0001:00005d70       ?OnTimer@CDsoFramerControl@@QAGXI@Z 22006d70 f   dsofcontrol.obj
 0001:00005df0       ?OnSyncPaint@CDsoFramerControl@@QAGXXZ 22006df0 f   dsofcontrol.obj
 0001:00005e60       ?OnForegroundCompChange@CDsoFramerControl@@QAGXH@Z 22006e60 f   dsofcontrol.obj
 0001:00005f30       ?OnAppActivationChange@CDsoFramerControl@@QAGXHK@Z 22006f30 f   dsofcontrol.obj
 0001:00006000       ?OnComponentActivationChange@CDsoFramerControl@@QAGXH@Z 22007000 f   dsofcontrol.obj
 0001:000061b0       ?OnCtrlFocusChange@CDsoFramerControl@@QAGXHPAUHWND__@@@Z 220071b0 f   dsofcontrol.obj
 0001:00006240       ?OnUIFocusChange@CDsoFramerControl@@QAGXH@Z 22007240 f   dsofcontrol.obj
 0001:000064e0       ?UpdateModalState@CDsoFramerControl@@QAGXHH@Z 220074e0 f   dsofcontrol.obj
 0001:00006610       ?UpdateInteractiveState@CDsoFramerControl@@QAGXH@Z 22007610 f   dsofcontrol.obj
 0001:00006750       ?OnPaletteChanged@CDsoFramerControl@@QAGXPAUHWND__@@@Z 22007750 f   dsofcontrol.obj
 0001:00006790       ?OnSysCommandMenu@CDsoFramerControl@@QAGHD@Z 22007790 f   dsofcontrol.obj
 0001:00006800       ?GetActivePopupMenu@CDsoFramerControl@@QAGPAUHMENU__@@XZ 22007800 f   dsofcontrol.obj
 0001:00006c20       ?FRunningInDesignMode@CDsoFramerControl@@QAGHXZ 22007c20 f   dsofcontrol.obj
 0001:00006d40       ?InvalidateAllChildWindows@CDsoFramerControl@@QAGHPAUHWND__@@@Z 22007d40 f   dsofcontrol.obj
 0001:00006d70       ?InvalidateAllChildWindowsCallback@CDsoFramerControl@@SGHPAUHWND__@@J@Z 22007d70 f   dsofcontrol.obj
 0001:00006dc0       ?RaiseAutomationEvent@CDsoFramerControl@@QAGJJKPAUtagVARIANT@@@Z 22007dc0 f   dsofcontrol.obj
 0001:00006eb0       ?DoDialogAction@CDsoFramerControl@@QAGJW4dsoShowDialogType@@@Z 22007eb0 f   dsofcontrol.obj
 0001:000071c0       ?SetTempServerLock@CDsoFramerControl@@QAGJH@Z 220081c0 f   dsofcontrol.obj
 0001:00007490       ?ResetFrameHook@CDsoFramerControl@@QAGJPAUHWND__@@@Z 22008490 f   dsofcontrol.obj
 0001:00007630       ?RaiseActivationEvent@CDsoFramerControl@@QAGXH@Z 22008630 f   dsofcontrol.obj
 0001:00007670       ?ControlWindowProc@CDsoFramerControl@@SGJPAUHWND__@@IIJ@Z 22008670 f   dsofcontrol.obj
 0001:00007bb0       ?QueryInterface@XInternalUnknown@CDsoFramerControl@@UAGJABU_GUID@@PAPAX@Z 22008bb0 f   dsofcontrol.obj
 0001:00007f60       ?AddRef@XInternalUnknown@CDsoFramerControl@@UAGKXZ 22008f60 f   dsofcontrol.obj
 0001:00007fa0       ?Release@XInternalUnknown@CDsoFramerControl@@UAGKXZ 22008fa0 f   dsofcontrol.obj
 0001:00008030       ?AddRef@XPersistStreamInit@CDsoFramerControl@@UAGKXZ 22009030 f   dsofcontrol.obj
 0001:00008060       ?Release@XPersistStreamInit@CDsoFramerControl@@UAGKXZ 22009060 f   dsofcontrol.obj
 0001:000080c0       ?QueryInterface@XPersistStreamInit@CDsoFramerControl@@UAGJABU_GUID@@PAPAX@Z 220090c0 f   dsofcontrol.obj
 0001:000080f0       ?GetClassID@XPersistStreamInit@CDsoFramerControl@@UAGJPAU_GUID@@@Z 220090f0 f   dsofcontrol.obj
 0001:00008130       ?IsDirty@XPersistStreamInit@CDsoFramerControl@@UAGJXZ 22009130 f   dsofcontrol.obj
 0001:00008170       ?Load@XPersistStreamInit@CDsoFramerControl@@UAGJPAUIStream@@@Z 22009170 f   dsofcontrol.obj
 0001:00008540       ?Save@XPersistStreamInit@CDsoFramerControl@@UAGJPAUIStream@@H@Z 22009540 f   dsofcontrol.obj
 0001:000088e0       ?GetSizeMax@XPersistStreamInit@CDsoFramerControl@@UAGJPAT_ULARGE_INTEGER@@@Z 220098e0 f   dsofcontrol.obj
 0001:00008900       ?InitNew@XPersistStreamInit@CDsoFramerControl@@UAGJXZ 22009900 f   dsofcontrol.obj
 0001:00008940       ?AddRef@XPersistPropertyBag@CDsoFramerControl@@UAGKXZ 22009940 f   dsofcontrol.obj
 0001:00008970       ?Release@XPersistPropertyBag@CDsoFramerControl@@UAGKXZ 22009970 f   dsofcontrol.obj
 0001:000089d0       ?QueryInterface@XPersistPropertyBag@CDsoFramerControl@@UAGJABU_GUID@@PAPAX@Z 220099d0 f   dsofcontrol.obj
 0001:00008a00       ?GetClassID@XPersistPropertyBag@CDsoFramerControl@@UAGJPAU_GUID@@@Z 22009a00 f   dsofcontrol.obj
 0001:00008a40       ?InitNew@XPersistPropertyBag@CDsoFramerControl@@UAGJXZ 22009a40 f   dsofcontrol.obj
 0001:00008a70       ?Load@XPersistPropertyBag@CDsoFramerControl@@UAGJPAUIPropertyBag@@PAUIErrorLog@@@Z 22009a70 f   dsofcontrol.obj
 0001:00008ea0       ?Save@XPersistPropertyBag@CDsoFramerControl@@UAGJPAUIPropertyBag@@HH@Z 22009ea0 f   dsofcontrol.obj
 0001:000092a0       ?AddRef@XPersistStorage@CDsoFramerControl@@UAGKXZ 2200a2a0 f   dsofcontrol.obj
 0001:000092d0       ?Release@XPersistStorage@CDsoFramerControl@@UAGKXZ 2200a2d0 f   dsofcontrol.obj
 0001:00009330       ?QueryInterface@XPersistStorage@CDsoFramerControl@@UAGJABU_GUID@@PAPAX@Z 2200a330 f   dsofcontrol.obj
 0001:00009360       ?GetClassID@XPersistStorage@CDsoFramerControl@@UAGJPAU_GUID@@@Z 2200a360 f   dsofcontrol.obj
 0001:000093a0       ?IsDirty@XPersistStorage@CDsoFramerControl@@UAGJXZ 2200a3a0 f   dsofcontrol.obj
 0001:000093e0       ?InitNew@XPersistStorage@CDsoFramerControl@@UAGJPAUIStorage@@@Z 2200a3e0 f   dsofcontrol.obj
 0001:00009490       ?Load@XPersistStorage@CDsoFramerControl@@UAGJPAUIStorage@@@Z 2200a490 f   dsofcontrol.obj
 0001:00009590       ?Save@XPersistStorage@CDsoFramerControl@@UAGJPAUIStorage@@H@Z 2200a590 f   dsofcontrol.obj
 0001:00009700       ?SaveCompleted@XPersistStorage@CDsoFramerControl@@UAGJPAUIStorage@@@Z 2200a700 f   dsofcontrol.obj
 0001:00009740       ?HandsOffStorage@XPersistStorage@CDsoFramerControl@@UAGJXZ 2200a740 f   dsofcontrol.obj
 0001:000097a0       ?AddRef@XOleObject@CDsoFramerControl@@UAGKXZ 2200a7a0 f   dsofcontrol.obj
 0001:000097d0       ?Release@XOleObject@CDsoFramerControl@@UAGKXZ 2200a7d0 f   dsofcontrol.obj
 0001:00009830       ?QueryInterface@XOleObject@CDsoFramerControl@@UAGJABU_GUID@@PAPAX@Z 2200a830 f   dsofcontrol.obj
 0001:00009860       ?SetClientSite@XOleObject@CDsoFramerControl@@UAGJPAUIOleClientSite@@@Z 2200a860 f   dsofcontrol.obj
 0001:00009930       ?GetClientSite@XOleObject@CDsoFramerControl@@UAGJPAPAUIOleClientSite@@@Z 2200a930 f   dsofcontrol.obj
 0001:00009980       ?SetHostNames@XOleObject@CDsoFramerControl@@UAGJPB_W0@Z 2200a980 f   dsofcontrol.obj
 0001:000099a0       ?Close@XOleObject@CDsoFramerControl@@UAGJK@Z 2200a9a0 f   dsofcontrol.obj
 0001:00009a60       ?SetMoniker@XOleObject@CDsoFramerControl@@UAGJKPAUIMoniker@@@Z 2200aa60 f   dsofcontrol.obj
 0001:00009a80       ?GetMoniker@XOleObject@CDsoFramerControl@@UAGJKKPAPAUIMoniker@@@Z 2200aa80 f   dsofcontrol.obj
 0001:00009ab0       ?InitFromData@XOleObject@CDsoFramerControl@@UAGJPAUIDataObject@@HK@Z 2200aab0 f   dsofcontrol.obj
 0001:00009ad0       ?GetClipboardData@XOleObject@CDsoFramerControl@@UAGJKPAPAUIDataObject@@@Z 2200aad0 f   dsofcontrol.obj
 0001:00009b00       ?DoVerb@XOleObject@CDsoFramerControl@@UAGJJPAUtagMSG@@PAUIOleClientSite@@JPAUHWND__@@PBUtagRECT@@@Z 2200ab00 f   dsofcontrol.obj
 0001:00009ba0       ?EnumVerbs@XOleObject@CDsoFramerControl@@UAGJPAPAUIEnumOLEVERB@@@Z 2200aba0 f   dsofcontrol.obj
 0001:00009bd0       ?Update@XOleObject@CDsoFramerControl@@UAGJXZ 2200abd0 f   dsofcontrol.obj
 0001:00009bf0       ?IsUpToDate@XOleObject@CDsoFramerControl@@UAGJXZ 2200abf0 f   dsofcontrol.obj
 0001:00009c10       ?GetUserClassID@XOleObject@CDsoFramerControl@@UAGJPAU_GUID@@@Z 2200ac10 f   dsofcontrol.obj
 0001:00009c50       ?GetUserType@XOleObject@CDsoFramerControl@@UAGJKPAPA_W@Z 2200ac50 f   dsofcontrol.obj
 0001:00009c80       ?SetExtent@XOleObject@CDsoFramerControl@@UAGJKPAUtagSIZE@@@Z 2200ac80 f   dsofcontrol.obj
 0001:00009de0       ?GetExtent@XOleObject@CDsoFramerControl@@UAGJKPAUtagSIZE@@@Z 2200ade0 f   dsofcontrol.obj
 0001:00009e50       ?Advise@XOleObject@CDsoFramerControl@@UAGJPAUIAdviseSink@@PAK@Z 2200ae50 f   dsofcontrol.obj
 0001:00009ec0       ?Unadvise@XOleObject@CDsoFramerControl@@UAGJK@Z 2200aec0 f   dsofcontrol.obj
 0001:00009f10       ?EnumAdvise@XOleObject@CDsoFramerControl@@UAGJPAPAUIEnumSTATDATA@@@Z 2200af10 f   dsofcontrol.obj
 0001:00009f80       ?GetMiscStatus@XOleObject@CDsoFramerControl@@UAGJKPAK@Z 2200af80 f   dsofcontrol.obj
 0001:00009fb0       ?SetColorScheme@XOleObject@CDsoFramerControl@@UAGJPAUtagLOGPALETTE@@@Z 2200afb0 f   dsofcontrol.obj
 0001:00009fd0       ?AddRef@XOleControl@CDsoFramerControl@@UAGKXZ 2200afd0 f   dsofcontrol.obj
 0001:0000a000       ?Release@XOleControl@CDsoFramerControl@@UAGKXZ 2200b000 f   dsofcontrol.obj
 0001:0000a060       ?QueryInterface@XOleControl@CDsoFramerControl@@UAGJABU_GUID@@PAPAX@Z 2200b060 f   dsofcontrol.obj
 0001:0000a090       ?GetControlInfo@XOleControl@CDsoFramerControl@@UAGJPAUtagCONTROLINFO@@@Z 2200b090 f   dsofcontrol.obj
 0001:0000a0d0       ?OnMnemonic@XOleControl@CDsoFramerControl@@UAGJPAUtagMSG@@@Z 2200b0d0 f   dsofcontrol.obj
 0001:0000a100       ?OnAmbientPropertyChange@XOleControl@CDsoFramerControl@@UAGJJ@Z 2200b100 f   dsofcontrol.obj
 0001:0000a150       ?FreezeEvents@XOleControl@CDsoFramerControl@@UAGJH@Z 2200b150 f   dsofcontrol.obj
 0001:0000a1f0       ?AddRef@XOleInplaceObject@CDsoFramerControl@@UAGKXZ 2200b1f0 f   dsofcontrol.obj
 0001:0000a220       ?Release@XOleInplaceObject@CDsoFramerControl@@UAGKXZ 2200b220 f   dsofcontrol.obj
 0001:0000a280       ?QueryInterface@XOleInplaceObject@CDsoFramerControl@@UAGJABU_GUID@@PAPAX@Z 2200b280 f   dsofcontrol.obj
 0001:0000a2b0       ?GetWindow@XOleInplaceObject@CDsoFramerControl@@UAGJPAPAUHWND__@@@Z 2200b2b0 f   dsofcontrol.obj
 0001:0000a300       ?ContextSensitiveHelp@XOleInplaceObject@CDsoFramerControl@@UAGJH@Z 2200b300 f   dsofcontrol.obj
 0001:0000a320       ?InPlaceDeactivate@XOleInplaceObject@CDsoFramerControl@@UAGJXZ 2200b320 f   dsofcontrol.obj
 0001:0000a450       ?UIDeactivate@XOleInplaceObject@CDsoFramerControl@@UAGJXZ 2200b450 f   dsofcontrol.obj
 0001:0000a520       ?SetObjectRects@XOleInplaceObject@CDsoFramerControl@@UAGJPBUtagRECT@@0@Z 2200b520 f   dsofcontrol.obj
 0001:0000a670       ?ReactivateAndUndo@XOleInplaceObject@CDsoFramerControl@@UAGJXZ 2200b670 f   dsofcontrol.obj
 0001:0000a690       ?AddRef@XOleInplaceActiveObject@CDsoFramerControl@@UAGKXZ 2200b690 f   dsofcontrol.obj
 0001:0000a6c0       ?Release@XOleInplaceActiveObject@CDsoFramerControl@@UAGKXZ 2200b6c0 f   dsofcontrol.obj
 0001:0000a720       ?QueryInterface@XOleInplaceActiveObject@CDsoFramerControl@@UAGJABU_GUID@@PAPAX@Z 2200b720 f   dsofcontrol.obj
 0001:0000a750       ?GetWindow@XOleInplaceActiveObject@CDsoFramerControl@@UAGJPAPAUHWND__@@@Z 2200b750 f   dsofcontrol.obj
 0001:0000a790       ?ContextSensitiveHelp@XOleInplaceActiveObject@CDsoFramerControl@@UAGJH@Z 2200b790 f   dsofcontrol.obj
 0001:0000a7b0       ?TranslateAcceleratorA@XOleInplaceActiveObject@CDsoFramerControl@@UAGJPAUtagMSG@@@Z 2200b7b0 f   dsofcontrol.obj
 0001:0000a9d0       ?OnFrameWindowActivate@XOleInplaceActiveObject@CDsoFramerControl@@UAGJH@Z 2200b9d0 f   dsofcontrol.obj
 0001:0000aa20       ?OnDocWindowActivate@XOleInplaceActiveObject@CDsoFramerControl@@UAGJH@Z 2200ba20 f   dsofcontrol.obj
 0001:0000aac0       ?ResizeBorder@XOleInplaceActiveObject@CDsoFramerControl@@UAGJPBUtagRECT@@PAUIOleInPlaceUIWindow@@H@Z 2200bac0 f   dsofcontrol.obj
 0001:0000aae0       ?EnableModeless@XOleInplaceActiveObject@CDsoFramerControl@@UAGJH@Z 2200bae0 f   dsofcontrol.obj
 0001:0000ab30       ?AddRef@XViewObjectEx@CDsoFramerControl@@UAGKXZ 2200bb30 f   dsofcontrol.obj
 0001:0000ab60       ?Release@XViewObjectEx@CDsoFramerControl@@UAGKXZ 2200bb60 f   dsofcontrol.obj
 0001:0000abc0       ?QueryInterface@XViewObjectEx@CDsoFramerControl@@UAGJABU_GUID@@PAPAX@Z 2200bbc0 f   dsofcontrol.obj
 0001:0000abf0       ?Draw@XViewObjectEx@CDsoFramerControl@@UAGJKJPAXPAUtagDVTARGETDEVICE@@PAUHDC__@@2PBU_RECTL@@3P6GHK@ZK@Z 2200bbf0 f   dsofcontrol.obj
 0001:0000ad70       ?GetColorSet@XViewObjectEx@CDsoFramerControl@@UAGJKJPAXPAUtagDVTARGETDEVICE@@PAUHDC__@@PAPAUtagLOGPALETTE@@@Z 2200bd70 f   dsofcontrol.obj
 0001:0000ad90       ?Freeze@XViewObjectEx@CDsoFramerControl@@UAGJKJPAXPAK@Z 2200bd90 f   dsofcontrol.obj
 0001:0000adb0       ?Unfreeze@XViewObjectEx@CDsoFramerControl@@UAGJK@Z 2200bdb0 f   dsofcontrol.obj
 0001:0000add0       ?SetAdvise@XViewObjectEx@CDsoFramerControl@@UAGJKKPAUIAdviseSink@@@Z 2200bdd0 f   dsofcontrol.obj
 0001:0000aed0       ?GetAdvise@XViewObjectEx@CDsoFramerControl@@UAGJPAK0PAPAUIAdviseSink@@@Z 2200bed0 f   dsofcontrol.obj
 0001:0000af80       ?GetExtent@XViewObjectEx@CDsoFramerControl@@UAGJKJPAUtagDVTARGETDEVICE@@PAUtagSIZE@@@Z 2200bf80 f   dsofcontrol.obj
 0001:0000afc0       ?GetRect@XViewObjectEx@CDsoFramerControl@@UAGJKPAU_RECTL@@@Z 2200bfc0 f   dsofcontrol.obj
 0001:0000b030       ?GetViewStatus@XViewObjectEx@CDsoFramerControl@@UAGJPAK@Z 2200c030 f   dsofcontrol.obj
 0001:0000b060       ?QueryHitPoint@XViewObjectEx@CDsoFramerControl@@UAGJKPBUtagRECT@@UtagPOINT@@JPAK@Z 2200c060 f   dsofcontrol.obj
 0001:0000b0b0       ?QueryHitRect@XViewObjectEx@CDsoFramerControl@@UAGJKPBUtagRECT@@0JPAK@Z 2200c0b0 f   dsofcontrol.obj
 0001:0000b100       ?GetNaturalExtent@XViewObjectEx@CDsoFramerControl@@UAGJKJPAUtagDVTARGETDEVICE@@PAUHDC__@@PAUtagExtentInfo@@PAUtagSIZE@@@Z 2200c100 f   dsofcontrol.obj
 0001:0000b120       ?AddRef@XDataObject@CDsoFramerControl@@UAGKXZ 2200c120 f   dsofcontrol.obj
 0001:0000b150       ?Release@XDataObject@CDsoFramerControl@@UAGKXZ 2200c150 f   dsofcontrol.obj
 0001:0000b1b0       ?QueryInterface@XDataObject@CDsoFramerControl@@UAGJABU_GUID@@PAPAX@Z 2200c1b0 f   dsofcontrol.obj
 0001:0000b1e0       ?GetData@XDataObject@CDsoFramerControl@@UAGJPAUtagFORMATETC@@PAUtagSTGMEDIUM@@@Z 2200c1e0 f   dsofcontrol.obj
 0001:0000b3e0       ?GetDataHere@XDataObject@CDsoFramerControl@@UAGJPAUtagFORMATETC@@PAUtagSTGMEDIUM@@@Z 2200c3e0 f   dsofcontrol.obj
 0001:0000b400       ?QueryGetData@XDataObject@CDsoFramerControl@@UAGJPAUtagFORMATETC@@@Z 2200c400 f   dsofcontrol.obj
 0001:0000b4a0       ?GetCanonicalFormatEtc@XDataObject@CDsoFramerControl@@UAGJPAUtagFORMATETC@@0@Z 2200c4a0 f   dsofcontrol.obj
 0001:0000b4c0       ?SetData@XDataObject@CDsoFramerControl@@UAGJPAUtagFORMATETC@@PAUtagSTGMEDIUM@@H@Z 2200c4c0 f   dsofcontrol.obj
 0001:0000b4e0       ?EnumFormatEtc@XDataObject@CDsoFramerControl@@UAGJKPAPAUIEnumFORMATETC@@@Z 2200c4e0 f   dsofcontrol.obj
 0001:0000b510       ?DAdvise@XDataObject@CDsoFramerControl@@UAGJPAUtagFORMATETC@@KPAUIAdviseSink@@PAK@Z 2200c510 f   dsofcontrol.obj
 0001:0000b590       ?DUnadvise@XDataObject@CDsoFramerControl@@UAGJK@Z 2200c590 f   dsofcontrol.obj
 0001:0000b5e0       ?EnumDAdvise@XDataObject@CDsoFramerControl@@UAGJPAPAUIEnumSTATDATA@@@Z 2200c5e0 f   dsofcontrol.obj
 0001:0000b630       ?AddRef@XProvideClassInfo@CDsoFramerControl@@UAGKXZ 2200c630 f   dsofcontrol.obj
 0001:0000b660       ?Release@XProvideClassInfo@CDsoFramerControl@@UAGKXZ 2200c660 f   dsofcontrol.obj
 0001:0000b6c0       ?QueryInterface@XProvideClassInfo@CDsoFramerControl@@UAGJABU_GUID@@PAPAX@Z 2200c6c0 f   dsofcontrol.obj
 0001:0000b6f0       ?GetClassInfoA@XProvideClassInfo@CDsoFramerControl@@UAGJPAPAUITypeInfo@@@Z 2200c6f0 f   dsofcontrol.obj
 0001:0000b730       ?AddRef@XConnectionPointContainer@CDsoFramerControl@@UAGKXZ 2200c730 f   dsofcontrol.obj
 0001:0000b760       ?Release@XConnectionPointContainer@CDsoFramerControl@@UAGKXZ 2200c760 f   dsofcontrol.obj
 0001:0000b7c0       ?QueryInterface@XConnectionPointContainer@CDsoFramerControl@@UAGJABU_GUID@@PAPAX@Z 2200c7c0 f   dsofcontrol.obj
 0001:0000b7f0       ?EnumConnectionPoints@XConnectionPointContainer@CDsoFramerControl@@UAGJPAPAUIEnumConnectionPoints@@@Z 2200c7f0 f   dsofcontrol.obj
 0001:0000b840       ?FindConnectionPoint@XConnectionPointContainer@CDsoFramerControl@@UAGJABU_GUID@@PAPAUIConnectionPoint@@@Z 2200c840 f   dsofcontrol.obj
 0001:0000b8b0       ?AddRef@XEnumConnectionPoints@CDsoFramerControl@@UAGKXZ 2200c8b0 f   dsofcontrol.obj
 0001:0000b8e0       ?Release@XEnumConnectionPoints@CDsoFramerControl@@UAGKXZ 2200c8e0 f   dsofcontrol.obj
 0001:0000b940       ?QueryInterface@XEnumConnectionPoints@CDsoFramerControl@@UAGJABU_GUID@@PAPAX@Z 2200c940 f   dsofcontrol.obj
 0001:0000b970       ?Next@XEnumConnectionPoints@CDsoFramerControl@@UAGJKPAPAUIConnectionPoint@@PAK@Z 2200c970 f   dsofcontrol.obj
 0001:0000ba50       ?Skip@XEnumConnectionPoints@CDsoFramerControl@@UAGJK@Z 2200ca50 f   dsofcontrol.obj
 0001:0000ba60       ?Reset@XEnumConnectionPoints@CDsoFramerControl@@UAGJXZ 2200ca60 f   dsofcontrol.obj
 0001:0000ba70       ?Clone@XEnumConnectionPoints@CDsoFramerControl@@UAGJPAPAUIEnumConnectionPoints@@@Z 2200ca70 f   dsofcontrol.obj
 0001:0000ba90       ?AddRef@XConnectionPoint@CDsoFramerControl@@UAGKXZ 2200ca90 f   dsofcontrol.obj
 0001:0000bac0       ?Release@XConnectionPoint@CDsoFramerControl@@UAGKXZ 2200cac0 f   dsofcontrol.obj
 0001:0000bb20       ?QueryInterface@XConnectionPoint@CDsoFramerControl@@UAGJABU_GUID@@PAPAX@Z 2200cb20 f   dsofcontrol.obj
 0001:0000bb50       ?GetConnectionInterface@XConnectionPoint@CDsoFramerControl@@UAGJPAU_GUID@@@Z 2200cb50 f   dsofcontrol.obj
 0001:0000bb90       ?GetConnectionPointContainer@XConnectionPoint@CDsoFramerControl@@UAGJPAPAUIConnectionPointContainer@@@Z 2200cb90 f   dsofcontrol.obj
 0001:0000bbe0       ?Advise@XConnectionPoint@CDsoFramerControl@@UAGJPAUIUnknown@@PAK@Z 2200cbe0 f   dsofcontrol.obj
 0001:0000bcb0       ?Unadvise@XConnectionPoint@CDsoFramerControl@@UAGJK@Z 2200ccb0 f   dsofcontrol.obj
 0001:0000bd20       ?EnumConnections@XConnectionPoint@CDsoFramerControl@@UAGJPAPAUIEnumConnections@@@Z 2200cd20 f   dsofcontrol.obj
 0001:0000bd40       ?AddRef@XOleCommandTarget@CDsoFramerControl@@UAGKXZ 2200cd40 f   dsofcontrol.obj
 0001:0000bd70       ?Release@XOleCommandTarget@CDsoFramerControl@@UAGKXZ 2200cd70 f   dsofcontrol.obj
 0001:0000bdd0       ?QueryInterface@XOleCommandTarget@CDsoFramerControl@@UAGJABU_GUID@@PAPAX@Z 2200cdd0 f   dsofcontrol.obj
 0001:0000be00       ?QueryStatus@XOleCommandTarget@CDsoFramerControl@@UAGJPBU_GUID@@KQAU_tagOLECMD@@PAU_tagOLECMDTEXT@@@Z 2200ce00 f   dsofcontrol.obj
 0001:0000c000       ?Exec@XOleCommandTarget@CDsoFramerControl@@UAGJPBU_GUID@@KKPAUtagVARIANT@@1@Z 2200d000 f   dsofcontrol.obj
 0001:0000c0b0       ?AddRef@XSupportErrorInfo@CDsoFramerControl@@UAGKXZ 2200d0b0 f   dsofcontrol.obj
 0001:0000c0e0       ?Release@XSupportErrorInfo@CDsoFramerControl@@UAGKXZ 2200d0e0 f   dsofcontrol.obj
 0001:0000c140       ?QueryInterface@XSupportErrorInfo@CDsoFramerControl@@UAGJABU_GUID@@PAPAX@Z 2200d140 f   dsofcontrol.obj
 0001:0000c170       ?InterfaceSupportsErrorInfo@XSupportErrorInfo@CDsoFramerControl@@UAGJABU_GUID@@@Z 2200d170 f   dsofcontrol.obj
 0001:0000c1b0       ?AddRef@XObjectSafety@CDsoFramerControl@@UAGKXZ 2200d1b0 f   dsofcontrol.obj
 0001:0000c1f0       ?Release@XObjectSafety@CDsoFramerControl@@UAGKXZ 2200d1f0 f   dsofcontrol.obj
 0001:0000c250       ?QueryInterface@XObjectSafety@CDsoFramerControl@@UAGJABU_GUID@@PAPAX@Z 2200d250 f   dsofcontrol.obj
 0001:0000c280       ?GetInterfaceSafetyOptions@XObjectSafety@CDsoFramerControl@@UAGJABU_GUID@@PAK1@Z 2200d280 f   dsofcontrol.obj
 0001:0000c2c0       ?SetInterfaceSafetyOptions@XObjectSafety@CDsoFramerControl@@UAGJABU_GUID@@KK@Z 2200d2c0 f   dsofcontrol.obj
 0001:0000c320       ?AddRef@XDsoDocObjectSite@CDsoFramerControl@@UAGKXZ 2200d320 f   dsofcontrol.obj
 0001:0000c360       ?Release@XDsoDocObjectSite@CDsoFramerControl@@UAGKXZ 2200d360 f   dsofcontrol.obj
 0001:0000c3c0       ?QueryInterface@XDsoDocObjectSite@CDsoFramerControl@@UAGJABU_GUID@@PAPAX@Z 2200d3c0 f   dsofcontrol.obj
 0001:0000c3f0       ?QueryService@XDsoDocObjectSite@CDsoFramerControl@@UAGJABU_GUID@@0PAPAX@Z 2200d3f0 f   dsofcontrol.obj
 0001:0000c4f0       ?GetWindow@XDsoDocObjectSite@CDsoFramerControl@@UAGJPAPAUHWND__@@@Z 2200d4f0 f   dsofcontrol.obj
 0001:0000c530       ?GetBorder@XDsoDocObjectSite@CDsoFramerControl@@UAGJPAUtagRECT@@@Z 2200d530 f   dsofcontrol.obj
 0001:0000c560       ?GetHostName@XDsoDocObjectSite@CDsoFramerControl@@UAGJPAPA_W@Z 2200d560 f   dsofcontrol.obj
 0001:0000c5a0       ?SysMenuCommand@XDsoDocObjectSite@CDsoFramerControl@@UAGJI@Z 2200d5a0 f   dsofcontrol.obj
 0001:0000c7f0       ?SetStatusText@XDsoDocObjectSite@CDsoFramerControl@@UAGJPB_W@Z 2200d7f0 f   dsofcontrol.obj
 0001:0000c890       ?RegisterFramerControl@CDsoFrameHookManager@@SGPAV1@PAUHWND__@@0@Z 2200d890 f   dsofcontrol.obj
 0001:0000c990       ?AddComponent@CDsoFrameHookManager@@QAGJPAUHWND__@@0@Z 2200d990 f   dsofcontrol.obj
 0001:0000ca90       ?DetachComponent@CDsoFrameHookManager@@QAGJPAUHWND__@@@Z 2200da90 f   dsofcontrol.obj
 0001:0000cc20       ?SetActiveComponent@CDsoFrameHookManager@@QAGJPAUHWND__@@@Z 2200dc20 f   dsofcontrol.obj
 0001:0000cd10       ?OnComponentNotify@CDsoFrameHookManager@@QAGJKIJ@Z 2200dd10 f   dsofcontrol.obj
 0001:0000cdb0       ?SendNotifyMessageA@CDsoFrameHookManager@@QAGHPAUHWND__@@KIJ@Z 2200ddb0 f   dsofcontrol.obj
 0001:0000ce10       ?AttachToFrameWindow@CDsoFrameWindowHook@@SGPAV1@PAUHWND__@@@Z 2200de10 f   dsofcontrol.obj
 0001:0000d000       ?Detach@CDsoFrameWindowHook@@QAGJXZ 2200e000 f   dsofcontrol.obj
 0001:0000d0e0       ?GetHookFromWindow@CDsoFrameWindowHook@@SGPAV1@PAUHWND__@@@Z 2200e0e0 f   dsofcontrol.obj
 0001:0000d120       ?HostWindowProcHook@CDsoFrameWindowHook@@SGJPAUHWND__@@IIJ@Z 2200e120 f   dsofcontrol.obj
 0001:0000d260       ?QueryInterface@CDsoFramerControl@@UAGJABU_GUID@@PAPAX@Z 2200e260 f i dsofcontrol.obj
 0001:0000d290       ?AddRef@CDsoFramerControl@@UAGKXZ 2200e290 f i dsofcontrol.obj
 0001:0000d2c0       ?Release@CDsoFramerControl@@UAGKXZ 2200e2c0 f i dsofcontrol.obj
 0001:0000d2f0       ??0XInternalUnknown@CDsoFramerControl@@QAE@XZ 2200e2f0 f i dsofcontrol.obj
 0001:0000d320       ??0IUnknown@@QAE@XZ        2200e320 f i dsofcontrol.obj
 0001:0000d330       ??1XInternalUnknown@CDsoFramerControl@@QAE@XZ 2200e330 f i dsofcontrol.obj
 0001:0000d370       ??0XPersistStreamInit@CDsoFramerControl@@QAE@XZ 2200e370 f i dsofcontrol.obj
 0001:0000d3a0       ??1XPersistStreamInit@CDsoFramerControl@@QAE@XZ 2200e3a0 f i dsofcontrol.obj
 0001:0000d3e0       ??0XPersistPropertyBag@CDsoFramerControl@@QAE@XZ 2200e3e0 f i dsofcontrol.obj
 0001:0000d410       ??1XPersistPropertyBag@CDsoFramerControl@@QAE@XZ 2200e410 f i dsofcontrol.obj
 0001:0000d450       ??0XPersistStorage@CDsoFramerControl@@QAE@XZ 2200e450 f i dsofcontrol.obj
 0001:0000d480       ??1XPersistStorage@CDsoFramerControl@@QAE@XZ 2200e480 f i dsofcontrol.obj
 0001:0000d4c0       ??0XOleObject@CDsoFramerControl@@QAE@XZ 2200e4c0 f i dsofcontrol.obj
 0001:0000d4f0       ??1XOleObject@CDsoFramerControl@@QAE@XZ 2200e4f0 f i dsofcontrol.obj
 0001:0000d530       ??0XOleControl@CDsoFramerControl@@QAE@XZ 2200e530 f i dsofcontrol.obj
 0001:0000d560       ??1XOleControl@CDsoFramerControl@@QAE@XZ 2200e560 f i dsofcontrol.obj
 0001:0000d5a0       ??0XOleInplaceObject@CDsoFramerControl@@QAE@XZ 2200e5a0 f i dsofcontrol.obj
 0001:0000d5d0       ??1XOleInplaceObject@CDsoFramerControl@@QAE@XZ 2200e5d0 f i dsofcontrol.obj
 0001:0000d610       ??0XOleInplaceActiveObject@CDsoFramerControl@@QAE@XZ 2200e610 f i dsofcontrol.obj
 0001:0000d640       ??1XOleInplaceActiveObject@CDsoFramerControl@@QAE@XZ 2200e640 f i dsofcontrol.obj
 0001:0000d680       ??0XViewObjectEx@CDsoFramerControl@@QAE@XZ 2200e680 f i dsofcontrol.obj
 0001:0000d6b0       ??1XViewObjectEx@CDsoFramerControl@@QAE@XZ 2200e6b0 f i dsofcontrol.obj
 0001:0000d6f0       ??0XDataObject@CDsoFramerControl@@QAE@XZ 2200e6f0 f i dsofcontrol.obj
 0001:0000d720       ??1XDataObject@CDsoFramerControl@@QAE@XZ 2200e720 f i dsofcontrol.obj
 0001:0000d760       ??0XProvideClassInfo@CDsoFramerControl@@QAE@XZ 2200e760 f i dsofcontrol.obj
 0001:0000d790       ??1XProvideClassInfo@CDsoFramerControl@@QAE@XZ 2200e790 f i dsofcontrol.obj
 0001:0000d7d0       ??0XConnectionPointContainer@CDsoFramerControl@@QAE@XZ 2200e7d0 f i dsofcontrol.obj
 0001:0000d800       ??1XConnectionPointContainer@CDsoFramerControl@@QAE@XZ 2200e800 f i dsofcontrol.obj
 0001:0000d840       ??0XEnumConnectionPoints@CDsoFramerControl@@QAE@XZ 2200e840 f i dsofcontrol.obj
 0001:0000d870       ??1XEnumConnectionPoints@CDsoFramerControl@@QAE@XZ 2200e870 f i dsofcontrol.obj
 0001:0000d8b0       ??0XConnectionPoint@CDsoFramerControl@@QAE@XZ 2200e8b0 f i dsofcontrol.obj
 0001:0000d8e0       ??1XConnectionPoint@CDsoFramerControl@@QAE@XZ 2200e8e0 f i dsofcontrol.obj
 0001:0000d920       ??0XOleCommandTarget@CDsoFramerControl@@QAE@XZ 2200e920 f i dsofcontrol.obj
 0001:0000d950       ??0IOleCommandTarget@@QAE@XZ 2200e950 f i dsofcontrol.obj
 0001:0000d970       ??1XOleCommandTarget@CDsoFramerControl@@QAE@XZ 2200e970 f i dsofcontrol.obj
 0001:0000d9b0       ??0XSupportErrorInfo@CDsoFramerControl@@QAE@XZ 2200e9b0 f i dsofcontrol.obj
 0001:0000d9e0       ??1XSupportErrorInfo@CDsoFramerControl@@QAE@XZ 2200e9e0 f i dsofcontrol.obj
 0001:0000da20       ??0XObjectSafety@CDsoFramerControl@@QAE@XZ 2200ea20 f i dsofcontrol.obj
 0001:0000da50       ??1XObjectSafety@CDsoFramerControl@@QAE@XZ 2200ea50 f i dsofcontrol.obj
 0001:0000da90       ??0XDsoDocObjectSite@CDsoFramerControl@@QAE@XZ 2200ea90 f i dsofcontrol.obj
 0001:0000dac0       ??0IPersistStreamInit@@QAE@XZ 2200eac0 f i dsofcontrol.obj
 0001:0000dae0       ??0IPersistPropertyBag@@QAE@XZ 2200eae0 f i dsofcontrol.obj
 0001:0000db00       ??0IPersistStorage@@QAE@XZ 2200eb00 f i dsofcontrol.obj
 0001:0000db20       ??0IOleObject@@QAE@XZ      2200eb20 f i dsofcontrol.obj
 0001:0000db40       ??0IOleControl@@QAE@XZ     2200eb40 f i dsofcontrol.obj
 0001:0000db60       ??0IOleInPlaceObject@@QAE@XZ 2200eb60 f i dsofcontrol.obj
 0001:0000db80       ??0IOleWindow@@QAE@XZ      2200eb80 f i dsofcontrol.obj
 0001:0000dba0       ??0IOleInPlaceActiveObject@@QAE@XZ 2200eba0 f i dsofcontrol.obj
 0001:0000dbc0       ??0IViewObjectEx@@QAE@XZ   2200ebc0 f i dsofcontrol.obj
 0001:0000dbe0       ??0IDataObject@@QAE@XZ     2200ebe0 f i dsofcontrol.obj
 0001:0000dc00       ??0IProvideClassInfo@@QAE@XZ 2200ec00 f i dsofcontrol.obj
 0001:0000dc20       ??0IConnectionPointContainer@@QAE@XZ 2200ec20 f i dsofcontrol.obj
 0001:0000dc40       ??0IEnumConnectionPoints@@QAE@XZ 2200ec40 f i dsofcontrol.obj
 0001:0000dc60       ??0IConnectionPoint@@QAE@XZ 2200ec60 f i dsofcontrol.obj
 0001:0000dc80       ??0ISupportErrorInfo@@QAE@XZ 2200ec80 f i dsofcontrol.obj
 0001:0000dca0       ??0IObjectSafety@@QAE@XZ   2200eca0 f i dsofcontrol.obj
 0001:0000dcc0       ??0IDsoDocObjectSite@@QAE@XZ 2200ecc0 f i dsofcontrol.obj
 0001:0000dce0       ??0IServiceProvider@@QAE@XZ 2200ece0 f i dsofcontrol.obj
 0001:0000dd00       ??0IPersist@@QAE@XZ        2200ed00 f i dsofcontrol.obj
 0001:0000dd20       ??0IViewObject2@@QAE@XZ    2200ed20 f i dsofcontrol.obj
 0001:0000dd40       ??0IViewObject@@QAE@XZ     2200ed40 f i dsofcontrol.obj
 0001:0000dd60       ??0_FramerControl@@QAE@XZ  2200ed60 f i dsofcontrol.obj
 0001:0000dd80       ??0IDispatch@@QAE@XZ       2200ed80 f i dsofcontrol.obj
 0001:0000dda0       ??1XDsoDocObjectSite@CDsoFramerControl@@QAE@XZ 2200eda0 f i dsofcontrol.obj
 0001:0000dde0       ?FUseFrameHook@CDsoFramerControl@@QAIHXZ 2200ede0 f i dsofcontrol.obj
 0001:0000de00       ?GetSizeRectForDocument@CDsoFramerControl@@QAIXPAUtagRECT@@0@Z 2200ee00 f i dsofcontrol.obj
 0001:0000de60       ?FDrawBitmapOnAppDeactive@CDsoFramerControl@@QAIHXZ 2200ee60 f i dsofcontrol.obj
 0001:0000de80       ?FIPDeactivateOnCompChange@CDsoFramerControl@@QAIHXZ 2200ee80 f i dsofcontrol.obj
 0001:0000dea0       ?FChangeObjActiveOnFocusChange@CDsoFramerControl@@QAIHXZ 2200eea0 f i dsofcontrol.obj
 0001:0000dec0       ?GetMenuHWND@CDsoDocObject@@QAEPAUHWND__@@XZ 2200eec0 f i dsofcontrol.obj
 0001:0000dee0       ?GetMergedMenu@CDsoDocObject@@QAEPAUHMENU__@@XZ 2200eee0 f i dsofcontrol.obj
 0001:0000df00       ?GetDocWindow@CDsoDocObject@@QAEPAUHWND__@@XZ 2200ef00 f i dsofcontrol.obj
 0001:0000df20       ?IsIPActive@CDsoDocObject@@QAEHXZ 2200ef20 f i dsofcontrol.obj
 0001:0000df40       ?GetActiveMenu@CDsoDocObject@@QAEPAUHMENU__@@XZ 2200ef40 f i dsofcontrol.obj
 0001:0000df60       ?SetMergedMenu@CDsoDocObject@@QAEXPAUHMENU__@@@Z 2200ef60 f i dsofcontrol.obj
 0001:0000df80       ?GetServerCLSID@CDsoDocObject@@QAEPAU_GUID@@XZ 2200ef80 f i dsofcontrol.obj
 0001:0000dfa0       ?IsExcelObject@CDsoDocObject@@QAEHXZ 2200efa0 f i dsofcontrol.obj
 0001:0000e050       ?OnWindowEnable@CDsoFramerControl@@QAGXH@Z 2200f050 f i dsofcontrol.obj
 0001:0000e0a0       ??0CDsoFrameHookManager@@QAE@XZ 2200f0a0 f i dsofcontrol.obj
 0001:0000e0e0       ?GetActiveComponentWindow@CDsoFrameHookManager@@QAGPAUHWND__@@XZ 2200f0e0 f i dsofcontrol.obj
 0001:0000e100       ??_GCDsoFrameHookManager@@QAEPAXI@Z 2200f100 f i dsofcontrol.obj
 0001:0000e130       ??1CDsoFrameHookManager@@QAE@XZ 2200f130 f i dsofcontrol.obj
 0001:0000e150       ??0CDsoFrameWindowHook@@QAE@XZ 2200f150 f i dsofcontrol.obj
 0001:0000e190       ?AddRef@CDsoFrameWindowHook@@QAGXXZ 2200f190 f i dsofcontrol.obj
 0001:0000e1b0       ??_GCDsoFrameWindowHook@@QAEPAXI@Z 2200f1b0 f i dsofcontrol.obj
 0001:0000e1e0       ??1CDsoFrameWindowHook@@QAE@XZ 2200f1e0 f i dsofcontrol.obj
 0001:0000e200       ??0CDsoDocObject@@QAE@XZ   2200f200 f   dsofdocobj.obj
 0001:0000e300       ??1CDsoDocObject@@QAE@XZ   2200f300 f   dsofdocobj.obj
 0001:0000e530       ?CreateInstance@CDsoDocObject@@SGPAV1@PAUIDsoDocObjectSite@@@Z 2200f530 f   dsofdocobj.obj
 0001:0000e5f0       ?InitializeNewInstance@CDsoDocObject@@QAGJPAUIDsoDocObjectSite@@@Z 2200f5f0 f   dsofdocobj.obj
 0001:0000e880       ?CreateDocObject@CDsoDocObject@@QAGJABU_GUID@@@Z 2200f880 f   dsofdocobj.obj
 0001:0000eb70       ?CreateDocObject@CDsoDocObject@@QAGJPAUIStorage@@@Z 2200fb70 f   dsofdocobj.obj
 0001:0000ec60       ?CreateFromFile@CDsoDocObject@@QAGJPA_WABU_GUID@@PAUtagBIND_OPTS@@@Z 2200fc60 f   dsofdocobj.obj
 0001:0000f180       ?CreateFromURL@CDsoDocObject@@QAGJPA_WABU_GUID@@PAUtagBIND_OPTS@@00@Z 22010180 f   dsofdocobj.obj
 0001:0000f3e0       ?CreateFromRunningObject@CDsoDocObject@@QAGJPAUIUnknown@@PA_WPAUtagBIND_OPTS@@@Z 220103e0 f   dsofdocobj.obj
 0001:0000f590       ?IPActivateView@CDsoDocObject@@QAGJXZ 22010590 f   dsofdocobj.obj
 0001:0000f770       ?IPDeactivateView@CDsoDocObject@@QAGJXZ 22010770 f   dsofdocobj.obj
 0001:0000f8f0       ?UIActivateView@CDsoDocObject@@QAGJXZ 220108f0 f   dsofdocobj.obj
 0001:0000f9d0       ?UIDeactivateView@CDsoDocObject@@QAGJXZ 220109d0 f   dsofdocobj.obj
 0001:0000fa20       ?IsDirty@CDsoDocObject@@QAGHXZ 22010a20 f   dsofdocobj.obj
 0001:0000faf0       ?Save@CDsoDocObject@@QAGJXZ 22010af0 f   dsofdocobj.obj
 0001:0000fb50       ?SaveToFile@CDsoDocObject@@QAGJPA_WH@Z 22010b50 f   dsofdocobj.obj
 0001:000101f0       ?SaveToURL@CDsoDocObject@@QAGJPA_WH00@Z 220111f0 f   dsofdocobj.obj
 0001:00010560       ?DoOleCommand@CDsoDocObject@@QAGJKKPAUtagVARIANT@@0@Z 22011560 f   dsofdocobj.obj
 0001:00010770       ?Close@CDsoDocObject@@QAGJXZ 22011770 f   dsofdocobj.obj
 0001:00010b50       ?OnNotifySizeChange@CDsoDocObject@@QAGXPAUtagRECT@@@Z 22011b50 f   dsofdocobj.obj
 0001:00010cd0       ?OnNotifyAppActivate@CDsoDocObject@@QAGXHK@Z 22011cd0 f   dsofdocobj.obj
 0001:00010d40       ?OnNotifyControlFocus@CDsoDocObject@@QAGXH@Z 22011d40 f   dsofdocobj.obj
 0001:00010db0       ?OnNotifyPaletteChanged@CDsoDocObject@@QAGXPAUHWND__@@@Z 22011db0 f   dsofdocobj.obj
 0001:00010df0       ?OnNotifyChangeToolState@CDsoDocObject@@QAGXH@Z 22011df0 f   dsofdocobj.obj
 0001:00011000       ?InstantiateDocObjectServer@CDsoDocObject@@IAGJABU_GUID@@PAPAUIOleObject@@@Z 22012000 f   dsofdocobj.obj
 0001:00011090       ?CreateObjectStorage@CDsoDocObject@@IAGJABU_GUID@@@Z 22012090 f   dsofdocobj.obj
 0001:000111f0       ?SaveObjectStorage@CDsoDocObject@@IAGJXZ 220121f0 f   dsofdocobj.obj
 0001:00011320       ?SaveDocToMoniker@CDsoDocObject@@IAGJPAUIMoniker@@PAUIBindCtx@@H@Z 22012320 f   dsofdocobj.obj
 0001:00011400       ?SaveDocToFile@CDsoDocObject@@IAGJPA_WH@Z 22012400 f   dsofdocobj.obj
 0001:00011590       ?ValidateDocObjectServer@CDsoDocObject@@IAGJABU_GUID@@@Z 22012590 f   dsofdocobj.obj
 0001:00011670       ?GetDocumentTypeAndFileExtension@CDsoDocObject@@QAGHPAPA_W0@Z 22012670 f   dsofdocobj.obj
 0001:00011a10       ?ValidateFileExtension@CDsoDocObject@@IAGHPA_WPAPA_W@Z 22012a10 f   dsofdocobj.obj
 0001:00011b00       ?EnsureOleServerRunning@CDsoDocObject@@IAGJH@Z 22012b00 f   dsofdocobj.obj
 0001:00011d10       ?FreeRunningLock@CDsoDocObject@@IAGXXZ 22012d10 f   dsofdocobj.obj
 0001:00011e00       ?SetRunningServerLock@CDsoDocObject@@QAGJH@Z 22012e00 f   dsofdocobj.obj
 0001:00012010       ?CreateIPPBindResource@CDsoDocObject@@IAGPAUIUnknown@@XZ 22013010 f   dsofdocobj.obj
 0001:00012250       ?IPPDownloadWebResource@CDsoDocObject@@IAGJPA_W0PAPAUIStream@@@Z 22013250 f   dsofdocobj.obj
 0001:00012540       ?IPPUploadWebResource@CDsoDocObject@@IAGJPA_WPAPAUIStream@@0H@Z 22013540 f   dsofdocobj.obj
 0001:00012890       ?TurnOffWebToolbar@CDsoDocObject@@IAGXH@Z 22013890 f   dsofdocobj.obj
 0001:00012a90       ?ClearMergedMenu@CDsoDocObject@@IAGXXZ 22013a90 f   dsofdocobj.obj
 0001:00012b10       ?CalcDocNameIndex@CDsoDocObject@@IAGKPB_W@Z 22013b10 f   dsofdocobj.obj
 0001:00012b90       ?OnDraw@CDsoDocObject@@IAGXKPAUHDC__@@PAUtagRECT@@10H@Z 22013b90 f   dsofdocobj.obj
 0001:00012ba0       ?QueryInterface@CDsoDocObject@@UAGJABU_GUID@@PAPAX@Z 22013ba0 f   dsofdocobj.obj
 0001:00012d90       ?AddRef@CDsoDocObject@@UAGKXZ 22013d90 f   dsofdocobj.obj
 0001:00012e00       ?Release@CDsoDocObject@@UAGKXZ 22013e00 f   dsofdocobj.obj
 0001:00012e70       ?AddRef@XOleClientSite@CDsoDocObject@@UAGKXZ 22013e70 f   dsofdocobj.obj
 0001:00012ea0       ?Release@XOleClientSite@CDsoDocObject@@UAGKXZ 22013ea0 f   dsofdocobj.obj
 0001:00012f00       ?QueryInterface@XOleClientSite@CDsoDocObject@@UAGJABU_GUID@@PAPAX@Z 22013f00 f   dsofdocobj.obj
 0001:00012f30       ?SaveObject@XOleClientSite@CDsoDocObject@@UAGJXZ 22013f30 f   dsofdocobj.obj
 0001:00012f50       ?GetMoniker@XOleClientSite@CDsoDocObject@@UAGJKKPAPAUIMoniker@@@Z 22013f50 f   dsofdocobj.obj
 0001:00013020       ?GetContainer@XOleClientSite@CDsoDocObject@@UAGJPAPAUIOleContainer@@@Z 22014020 f   dsofdocobj.obj
 0001:00013050       ?ShowObject@XOleClientSite@CDsoDocObject@@UAGJXZ 22014050 f   dsofdocobj.obj
 0001:00013070       ?OnShowWindow@XOleClientSite@CDsoDocObject@@UAGJH@Z 22014070 f   dsofdocobj.obj
 0001:00013090       ?RequestNewObjectLayout@XOleClientSite@CDsoDocObject@@UAGJXZ 22014090 f   dsofdocobj.obj
 0001:000130b0       ?AddRef@XOleInPlaceSite@CDsoDocObject@@UAGKXZ 220140b0 f   dsofdocobj.obj
 0001:000130e0       ?Release@XOleInPlaceSite@CDsoDocObject@@UAGKXZ 220140e0 f   dsofdocobj.obj
 0001:00013140       ?QueryInterface@XOleInPlaceSite@CDsoDocObject@@UAGJABU_GUID@@PAPAX@Z 22014140 f   dsofdocobj.obj
 0001:00013170       ?GetWindow@XOleInPlaceSite@CDsoDocObject@@UAGJPAPAUHWND__@@@Z 22014170 f   dsofdocobj.obj
 0001:000131b0       ?ContextSensitiveHelp@XOleInPlaceSite@CDsoDocObject@@UAGJH@Z 220141b0 f   dsofdocobj.obj
 0001:000131d0       ?CanInPlaceActivate@XOleInPlaceSite@CDsoDocObject@@UAGJXZ 220141d0 f   dsofdocobj.obj
 0001:000131f0       ?OnInPlaceActivate@XOleInPlaceSite@CDsoDocObject@@UAGJXZ 220141f0 f   dsofdocobj.obj
 0001:00013270       ?OnUIActivate@XOleInPlaceSite@CDsoDocObject@@UAGJXZ 22014270 f   dsofdocobj.obj
 0001:000132d0       ?GetWindowContext@XOleInPlaceSite@CDsoDocObject@@UAGJPAPAUIOleInPlaceFrame@@PAPAUIOleInPlaceUIWindow@@PAUtagRECT@@2PAUtagOIFI@@@Z 220142d0 f   dsofdocobj.obj
 0001:000133a0       ?Scroll@XOleInPlaceSite@CDsoDocObject@@UAGJUtagSIZE@@@Z 220143a0 f   dsofdocobj.obj
 0001:000133c0       ?OnUIDeactivate@XOleInPlaceSite@CDsoDocObject@@UAGJH@Z 220143c0 f   dsofdocobj.obj
 0001:00013420       ?OnInPlaceDeactivate@XOleInPlaceSite@CDsoDocObject@@UAGJXZ 22014420 f   dsofdocobj.obj
 0001:000134d0       ?DiscardUndoState@XOleInPlaceSite@CDsoDocObject@@UAGJXZ 220144d0 f   dsofdocobj.obj
 0001:000134f0       ?DeactivateAndUndo@XOleInPlaceSite@CDsoDocObject@@UAGJXZ 220144f0 f   dsofdocobj.obj
 0001:00013540       ?OnPosRectChange@XOleInPlaceSite@CDsoDocObject@@UAGJPBUtagRECT@@@Z 22014540 f   dsofdocobj.obj
 0001:00013560       ?AddRef@XOleDocumentSite@CDsoDocObject@@UAGKXZ 22014560 f   dsofdocobj.obj
 0001:00013590       ?Release@XOleDocumentSite@CDsoDocObject@@UAGKXZ 22014590 f   dsofdocobj.obj
 0001:000135f0       ?QueryInterface@XOleDocumentSite@CDsoDocObject@@UAGJABU_GUID@@PAPAX@Z 220145f0 f   dsofdocobj.obj
 0001:00013620       ?ActivateMe@XOleDocumentSite@CDsoDocObject@@UAGJPAUIOleDocumentView@@@Z 22014620 f   dsofdocobj.obj
 0001:00013820       ?AddRef@XOleInPlaceFrame@CDsoDocObject@@UAGKXZ 22014820 f   dsofdocobj.obj
 0001:00013850       ?Release@XOleInPlaceFrame@CDsoDocObject@@UAGKXZ 22014850 f   dsofdocobj.obj
 0001:000138b0       ?QueryInterface@XOleInPlaceFrame@CDsoDocObject@@UAGJABU_GUID@@PAPAX@Z 220148b0 f   dsofdocobj.obj
 0001:000138e0       ?GetWindow@XOleInPlaceFrame@CDsoDocObject@@UAGJPAPAUHWND__@@@Z 220148e0 f   dsofdocobj.obj
 0001:00013920       ?ContextSensitiveHelp@XOleInPlaceFrame@CDsoDocObject@@UAGJH@Z 22014920 f   dsofdocobj.obj
 0001:00013960       ?GetBorder@XOleInPlaceFrame@CDsoDocObject@@UAGJPAUtagRECT@@@Z 22014960 f   dsofdocobj.obj
 0001:00013a20       ?RequestBorderSpace@XOleInPlaceFrame@CDsoDocObject@@UAGJPBUtagRECT@@@Z 22014a20 f   dsofdocobj.obj
 0001:00013aa0       ?SetBorderSpace@XOleInPlaceFrame@CDsoDocObject@@UAGJPBUtagRECT@@@Z 22014aa0 f   dsofdocobj.obj
 0001:00013bf0       ?SetActiveObject@XOleInPlaceFrame@CDsoDocObject@@UAGJPAUIOleInPlaceActiveObject@@PB_W@Z 22014bf0 f   dsofdocobj.obj
 0001:00013cd0       ?InsertMenus@XOleInPlaceFrame@CDsoDocObject@@UAGJPAUHMENU__@@PAUtagOleMenuGroupWidths@@@Z 22014cd0 f   dsofdocobj.obj
 0001:00013cf0       ?SetMenu@XOleInPlaceFrame@CDsoDocObject@@UAGJPAUHMENU__@@PAXPAUHWND__@@@Z 22014cf0 f   dsofdocobj.obj
 0001:00013da0       ?RemoveMenus@XOleInPlaceFrame@CDsoDocObject@@UAGJPAUHMENU__@@@Z 22014da0 f   dsofdocobj.obj
 0001:00013dc0       ?SetStatusText@XOleInPlaceFrame@CDsoDocObject@@UAGJPB_W@Z 22014dc0 f   dsofdocobj.obj
 0001:00013e70       ?EnableModeless@XOleInPlaceFrame@CDsoDocObject@@UAGJH@Z 22014e70 f   dsofdocobj.obj
 0001:00013f10       ?TranslateAcceleratorA@XOleInPlaceFrame@CDsoDocObject@@UAGJPAUtagMSG@@G@Z 22014f10 f   dsofdocobj.obj
 0001:00013f30       ?AddRef@XOleCommandTarget@CDsoDocObject@@UAGKXZ 22014f30 f   dsofdocobj.obj
 0001:00013f60       ?Release@XOleCommandTarget@CDsoDocObject@@UAGKXZ 22014f60 f   dsofdocobj.obj
 0001:00013fc0       ?QueryInterface@XOleCommandTarget@CDsoDocObject@@UAGJABU_GUID@@PAPAX@Z 22014fc0 f   dsofdocobj.obj
 0001:00013ff0       ?QueryStatus@XOleCommandTarget@CDsoDocObject@@UAGJPBU_GUID@@KQAU_tagOLECMD@@PAU_tagOLECMDTEXT@@@Z 22014ff0 f   dsofdocobj.obj
 0001:00014040       ?Exec@XOleCommandTarget@CDsoDocObject@@UAGJPBU_GUID@@KKPAUtagVARIANT@@1@Z 22015040 f   dsofdocobj.obj
 0001:000140a0       ?AddRef@XServiceProvider@CDsoDocObject@@UAGKXZ 220150a0 f   dsofdocobj.obj
 0001:000140d0       ?Release@XServiceProvider@CDsoDocObject@@UAGKXZ 220150d0 f   dsofdocobj.obj
 0001:00014130       ?QueryInterface@XServiceProvider@CDsoDocObject@@UAGJABU_GUID@@PAPAX@Z 22015130 f   dsofdocobj.obj
 0001:00014160       ?QueryService@XServiceProvider@CDsoDocObject@@UAGJABU_GUID@@0PAPAX@Z 22015160 f   dsofdocobj.obj
 0001:000141b0       ?AddRef@XAuthenticate@CDsoDocObject@@UAGKXZ 220151b0 f   dsofdocobj.obj
 0001:000141e0       ?Release@XAuthenticate@CDsoDocObject@@UAGKXZ 220151e0 f   dsofdocobj.obj
 0001:00014240       ?QueryInterface@XAuthenticate@CDsoDocObject@@UAGJABU_GUID@@PAPAX@Z 22015240 f   dsofdocobj.obj
 0001:00014270       ?Authenticate@XAuthenticate@CDsoDocObject@@UAGJPAPAUHWND__@@PAPA_W1@Z 22015270 f   dsofdocobj.obj
 0001:00014300       ?AddRef@XContinueCallback@CDsoDocObject@@UAGKXZ 22015300 f   dsofdocobj.obj
 0001:00014330       ?Release@XContinueCallback@CDsoDocObject@@UAGKXZ 22015330 f   dsofdocobj.obj
 0001:00014390       ?QueryInterface@XContinueCallback@CDsoDocObject@@UAGJABU_GUID@@PAPAX@Z 22015390 f   dsofdocobj.obj
 0001:000143c0       ?FContinue@XContinueCallback@CDsoDocObject@@UAGJXZ 220153c0 f   dsofdocobj.obj
 0001:000143d0       ?FContinuePrinting@XContinueCallback@CDsoDocObject@@UAGJJJPA_W@Z 220153d0 f   dsofdocobj.obj
 0001:00014430       ?AddRef@XPreviewCallback@CDsoDocObject@@UAGKXZ 22015430 f   dsofdocobj.obj
 0001:00014460       ?Release@XPreviewCallback@CDsoDocObject@@UAGKXZ 22015460 f   dsofdocobj.obj
 0001:000144c0       ?QueryInterface@XPreviewCallback@CDsoDocObject@@UAGJABU_GUID@@PAPAX@Z 220154c0 f   dsofdocobj.obj
 0001:000144f0       ?Notify@XPreviewCallback@CDsoDocObject@@UAGJKJPA_W@Z 220154f0 f   dsofdocobj.obj
 0001:00014570       ?HrGetDataFromObject@CDsoDocObject@@QAGJPAUtagVARIANT@@0@Z 22015570 f   dsofdocobj.obj
 0001:00014820       ?HrSetDataInObject@CDsoDocObject@@QAGJPAUtagVARIANT@@0H@Z 22015820 f   dsofdocobj.obj
 0001:00014b50       ?FrameWindowProc@CDsoDocObject@@KGJPAUHWND__@@IIJ@Z 22015b50 f   dsofdocobj.obj
 0001:00014cb0       ??0XOleClientSite@CDsoDocObject@@QAE@XZ 22015cb0 f i dsofdocobj.obj
 0001:00014ce0       ??1XOleClientSite@CDsoDocObject@@QAE@XZ 22015ce0 f i dsofdocobj.obj
 0001:00014d20       ??0XOleInPlaceSite@CDsoDocObject@@QAE@XZ 22015d20 f i dsofdocobj.obj
 0001:00014d50       ??1XOleInPlaceSite@CDsoDocObject@@QAE@XZ 22015d50 f i dsofdocobj.obj
 0001:00014d90       ??0XOleDocumentSite@CDsoDocObject@@QAE@XZ 22015d90 f i dsofdocobj.obj
 0001:00014dc0       ??1XOleDocumentSite@CDsoDocObject@@QAE@XZ 22015dc0 f i dsofdocobj.obj
 0001:00014e00       ??0XOleInPlaceFrame@CDsoDocObject@@QAE@XZ 22015e00 f i dsofdocobj.obj
 0001:00014e30       ??1XOleInPlaceFrame@CDsoDocObject@@QAE@XZ 22015e30 f i dsofdocobj.obj
 0001:00014e70       ??0XOleCommandTarget@CDsoDocObject@@QAE@XZ 22015e70 f i dsofdocobj.obj
 0001:00014ea0       ??1XOleCommandTarget@CDsoDocObject@@QAE@XZ 22015ea0 f i dsofdocobj.obj
 0001:00014ee0       ??0XServiceProvider@CDsoDocObject@@QAE@XZ 22015ee0 f i dsofdocobj.obj
 0001:00014f10       ??1XServiceProvider@CDsoDocObject@@QAE@XZ 22015f10 f i dsofdocobj.obj
 0001:00014f50       ??0XAuthenticate@CDsoDocObject@@QAE@XZ 22015f50 f i dsofdocobj.obj
 0001:00014f80       ??1XAuthenticate@CDsoDocObject@@QAE@XZ 22015f80 f i dsofdocobj.obj
 0001:00014fc0       ??0XContinueCallback@CDsoDocObject@@QAE@XZ 22015fc0 f i dsofdocobj.obj
 0001:00014ff0       ??1XContinueCallback@CDsoDocObject@@QAE@XZ 22015ff0 f i dsofdocobj.obj
 0001:00015030       ??0XPreviewCallback@CDsoDocObject@@QAE@XZ 22016030 f i dsofdocobj.obj
 0001:00015060       ??0IOleClientSite@@QAE@XZ  22016060 f i dsofdocobj.obj
 0001:00015080       ??0IOleInPlaceSite@@QAE@XZ 22016080 f i dsofdocobj.obj
 0001:000150a0       ??0IOleDocumentSite@@QAE@XZ 220160a0 f i dsofdocobj.obj
 0001:000150c0       ??0IOleInPlaceFrame@@QAE@XZ 220160c0 f i dsofdocobj.obj
 0001:000150e0       ??0IAuthenticate@@QAE@XZ   220160e0 f i dsofdocobj.obj
 0001:00015100       ??0IContinueCallback@@QAE@XZ 22016100 f i dsofdocobj.obj
 0001:00015120       ??0IOlePreviewCallback@@QAE@XZ 22016120 f i dsofdocobj.obj
 0001:00015140       ??0IOleInPlaceUIWindow@@QAE@XZ 22016140 f i dsofdocobj.obj
 0001:00015160       ??1XPreviewCallback@CDsoDocObject@@QAE@XZ 22016160 f i dsofdocobj.obj
 0001:000151a0       ?IsWordObject@CDsoDocObject@@QAEHXZ 220161a0 f i dsofdocobj.obj
 0001:00015210       ?IsVisioObject@CDsoDocObject@@QAEHXZ 22016210 f i dsofdocobj.obj
 0001:00015240       ?IsPPTObject@CDsoDocObject@@QAEHXZ 22016240 f i dsofdocobj.obj
 0001:000152b0       ?_PrintOutOld@CDsoFramerControl@@UAGJUtagVARIANT@@@Z 220162b0 f   dsofprint.obj
 0001:00015380       ?PrintOut@CDsoFramerControl@@UAGJUtagVARIANT@@00000@Z 22016380 f   dsofprint.obj
 0001:00015590       ?PrintPreview@CDsoFramerControl@@UAGJXZ 22016590 f   dsofprint.obj
 0001:00015620       ?PrintPreviewExit@CDsoFramerControl@@UAGJXZ 22016620 f   dsofprint.obj
 0001:00015680       ?PrintDocument@CDsoDocObject@@QAGJPB_W0IIIH@Z 22016680 f   dsofprint.obj
 0001:00015b10       ?StartPrintPreview@CDsoDocObject@@QAGJXZ 22016b10 f   dsofprint.obj
 0001:00015d50       ?ExitPrintPreview@CDsoDocObject@@QAGJH@Z 22016d50 f   dsofprint.obj
 0001:00015ef0       ?CheckForPPTPreviewChange@CDsoDocObject@@IAGXXZ 22016ef0 f   dsofprint.obj
 0001:00015f80       _DllMain@12                22016f80 f   mainentry.obj
 0001:00016090       _DllCanUnloadNow@0         22017090 f   mainentry.obj
 0001:000160b0       _DllGetClassObject@12      220170b0 f   mainentry.obj
 0001:000161a0       _DllRegisterServer@0       220171a0 f   mainentry.obj
 0001:000167b0       _DllUnregisterServer@0     220177b0 f   mainentry.obj
 0001:00016940       ??0CDsoFramerClassFactory@@QAE@XZ 22017940 f i mainentry.obj
 0001:00016970       ??0IClassFactory@@QAE@XZ   22017970 f i mainentry.obj
 0001:00016990       _HRESULT_FROM_WIN32        22017990 f i mainentry.obj
 0001:000169d0       _DsoMemAlloc@4             220179d0 f   utilities.obj
 0001:00016a00       _DsoMemFree@4              22017a00 f   utilities.obj
 0001:00016a30       ??2@YAPAXI@Z               22017a30 f   utilities.obj
 0001:00016a40       ??3@YAXPAX@Z               22017a40 f   utilities.obj
 0001:00016a50       __purecall                 22017a50 f   utilities.obj
 0001:00016a60       _DsoConvertToUnicodeEx@20  22017a60 f   utilities.obj
 0001:00016b10       _DsoConvertToMBCSEx@20     22017b10 f   utilities.obj
 0001:00016bb0       _DsoConvertToLPWSTR@4      22017bb0 f   utilities.obj
 0001:00016c30       _DsoConvertToMBCS@4        22017c30 f   utilities.obj
 0001:00016cb0       _DsoConvertToBSTR@4        22017cb0 f   utilities.obj
 0001:00016cf0       _DsoConvertToLPOLESTR@4    22017cf0 f   utilities.obj
 0001:00016d50       _DsoCopyString@4           22017d50 f   utilities.obj
 0001:00016db0       _DsoCopyStringCat@8        22017db0 f   utilities.obj
 0001:00016dd0       _DsoCopyStringCatEx@12     22017dd0 f   utilities.obj
 0001:00016f50       _DsoCLSIDtoLPSTR@4         22017f50 f   utilities.obj
 0001:00016f90       _DsoCompareStringsEx@16    22017f90 f   utilities.obj
 0001:00017170       _LooksLikeUNC@4            22018170 f   utilities.obj
 0001:000171c0       _LooksLikeLocalFile@4      220181c0 f   utilities.obj
 0001:00017230       _LooksLikeHTTP@4           22018230 f   utilities.obj
 0001:000172f0       _GetTempPathForURLDownload@8 220182f0 f   utilities.obj
 0001:000174e0       _URLDownloadFile@12        220184e0 f   utilities.obj
 0001:00017550       _DsoHimetricToPixels@8     22018550 f   utilities.obj
 0001:000175d0       _DsoPixelsToHimetric@8     220185d0 f   utilities.obj
 0001:00017650       _DsoGetBitmapFromWindow@4  22018650 f   utilities.obj
 0001:00017740       _IsWindowChild@8           22018740 f   utilities.obj
 0001:000177b0       _DsoGetTypeInfoEx@28       220187b0 f   utilities.obj
 0001:00017880       _DsoDispatchInvoke@28      22018880 f   utilities.obj
 0001:000179d0       _DsoReportError@12         220189d0 f   utilities.obj
 0001:00017bc0       ?DsoPVarFromPVarRef@@YIPAUtagVARIANT@@PAU1@@Z 22018bc0 f   utilities.obj
 0001:00017bf0       ?DsoIsVarParamMissing@@YIHPAUtagVARIANT@@@Z 22018bf0 f   utilities.obj
 0001:00017c30       ?DsoPVarWStrFromPVar@@YIPA_WPAUtagVARIANT@@@Z 22018c30 f   utilities.obj
 0001:00017c80       ?DsoPVarArrayFromPVar@@YIPAUtagSAFEARRAY@@PAUtagVARIANT@@@Z 22018c80 f   utilities.obj
 0001:00017ce0       ?DsoPVarUnkFromPVar@@YIPAUIUnknown@@PAUtagVARIANT@@@Z 22018ce0 f   utilities.obj
 0001:00017d50       ?DsoPVarShortFromPVar@@YIFPAUtagVARIANT@@F@Z 22018d50 f   utilities.obj
 0001:00017db0       ?DsoPVarLongFromPVar@@YIJPAUtagVARIANT@@J@Z 22018db0 f   utilities.obj
 0001:00017e20       ?DsoPVarBoolFromPVar@@YIHPAUtagVARIANT@@H@Z 22018e20 f   utilities.obj
 0001:00017e80       _FFileExists@4             22018e80 f   utilities.obj
 0001:00017ee0       _FOpenLocalFile@20         22018ee0 f   utilities.obj
 0001:00017f80       _FPerformShellOp@12        22018f80 f   utilities.obj
 0001:000180b0       _FGetModuleFileName@8      220190b0 f   utilities.obj
 0001:00018190       _FIsIECacheFile@4          22019190 f   utilities.obj
 0001:00018340       _FDrawText@16              22019340 f   utilities.obj
 0001:000183b0       _FSetRegKeyValue@8         220193b0 f   utilities.obj
 0001:00018430       _FOpenPrinter@8            22019430 f   utilities.obj
 0001:000184d0       _FGetPrinterSettings@24    220194d0 f   utilities.obj
 0001:000188b0       _DsoGetFileFromUser@40     220198b0 f   utilities.obj
 0001:00018b50       _DsoGetOleInsertObjectFromUser@28 22019b50 f   utilities.obj
 0001:00019088       _OleUIInsertObjectA@4      2201a088 f   oledlg:oledlg.dll
 0001:0001908e       _OleUIInsertObjectW@4      2201a08e f   oledlg:oledlg.dll
 0001:00019094       _OutputDebugStringA@4      2201a094 f   kernel32:KERNEL32.dll
 0001:0001909a       _InterlockedDecrement@4    2201a09a f   kernel32:KERNEL32.dll
 0001:000190a0       _InterlockedIncrement@4    2201a0a0 f   kernel32:KERNEL32.dll
 0001:000190a6       _DebugBreak@0              2201a0a6 f   kernel32:KERNEL32.dll
 0001:000190ac       _LeaveCriticalSection@4    2201a0ac f   kernel32:KERNEL32.dll
 0001:000190b2       _EnterCriticalSection@4    2201a0b2 f   kernel32:KERNEL32.dll
 0001:000190b8       _lstrlenA@4                2201a0b8 f   kernel32:KERNEL32.dll
 0001:000190be       _lstrcpyA@8                2201a0be f   kernel32:KERNEL32.dll
 0001:000190c4       _GetTickCount@0            2201a0c4 f   kernel32:KERNEL32.dll
 0001:000190ca       _GetCurrentThreadId@0      2201a0ca f   kernel32:KERNEL32.dll
 0001:000190d0       _GetCurrentProcessId@0     2201a0d0 f   kernel32:KERNEL32.dll
 0001:000190d6       _GlobalUnlock@4            2201a0d6 f   kernel32:KERNEL32.dll
 0001:000190dc       _GlobalLock@4              2201a0dc f   kernel32:KERNEL32.dll
 0001:000190e2       _GlobalAlloc@8             2201a0e2 f   kernel32:KERNEL32.dll
 0001:000190e8       _GetLastError@0            2201a0e8 f   kernel32:KERNEL32.dll
 0001:000190ee       _Sleep@4                   2201a0ee f   kernel32:KERNEL32.dll
 0001:000190f4       _lstrlenW@4                2201a0f4 f   kernel32:KERNEL32.dll
 0001:000190fa       _GetThreadLocale@0         2201a0fa f   kernel32:KERNEL32.dll
 0001:00019100       _CloseHandle@4             2201a100 f   kernel32:KERNEL32.dll
 0001:00019106       _WriteFile@20              2201a106 f   kernel32:KERNEL32.dll
 0001:0001910c       _ReadFile@20               2201a10c f   kernel32:KERNEL32.dll
 0001:00019112       _GlobalSize@4              2201a112 f   kernel32:KERNEL32.dll
 0001:00019118       _DeleteCriticalSection@4   2201a118 f   kernel32:KERNEL32.dll
 0001:0001911e       _HeapDestroy@4             2201a11e f   kernel32:KERNEL32.dll
 0001:00019124       _DisableThreadLibraryCalls@4 2201a124 f   kernel32:KERNEL32.dll
 0001:0001912a       _InitializeCriticalSection@4 2201a12a f   kernel32:KERNEL32.dll
 0001:00019130       _GetVersion@0              2201a130 f   kernel32:KERNEL32.dll
 0001:00019136       _HeapCreate@12             2201a136 f   kernel32:KERNEL32.dll
 0001:0001913c       _HeapAlloc@12              2201a13c f   kernel32:KERNEL32.dll
 0001:00019142       _HeapFree@12               2201a142 f   kernel32:KERNEL32.dll
 0001:00019148       _MultiByteToWideChar@24    2201a148 f   kernel32:KERNEL32.dll
 0001:0001914e       _IsValidCodePage@4         2201a14e f   kernel32:KERNEL32.dll
 0001:00019154       _WideCharToMultiByte@32    2201a154 f   kernel32:KERNEL32.dll
 0001:0001915a       _GetACP@0                  2201a15a f   kernel32:KERNEL32.dll
 0001:00019160       _CompareStringA@24         2201a160 f   kernel32:KERNEL32.dll
 0001:00019166       _CompareStringW@24         2201a166 f   kernel32:KERNEL32.dll
 0001:0001916c       _CreateDirectoryA@8        2201a16c f   kernel32:KERNEL32.dll
 0001:00019172       _lstrcatA@8                2201a172 f   kernel32:KERNEL32.dll
 0001:00019178       _GetTempPathA@8            2201a178 f   kernel32:KERNEL32.dll
 0001:0001917e       _GetProcAddress@8          2201a17e f   kernel32:KERNEL32.dll
 0001:00019184       _LoadLibraryA@4            2201a184 f   kernel32:KERNEL32.dll
 0001:0001918a       _MulDiv@12                 2201a18a f   kernel32:KERNEL32.dll
 0001:00019190       _FormatMessageA@28         2201a190 f   kernel32:KERNEL32.dll
 0001:00019196       _GetFileAttributesA@4      2201a196 f   kernel32:KERNEL32.dll
 0001:0001919c       _GetFileAttributesW@4      2201a19c f   kernel32:KERNEL32.dll
 0001:000191a2       _CreateFileA@28            2201a1a2 f   kernel32:KERNEL32.dll
 0001:000191a8       _CreateFileW@28            2201a1a8 f   kernel32:KERNEL32.dll
 0001:000191ae       _DeleteFileA@4             2201a1ae f   kernel32:KERNEL32.dll
 0001:000191b4       _MoveFileA@8               2201a1b4 f   kernel32:KERNEL32.dll
 0001:000191ba       _CopyFileA@12              2201a1ba f   kernel32:KERNEL32.dll
 0001:000191c0       _DeleteFileW@4             2201a1c0 f   kernel32:KERNEL32.dll
 0001:000191c6       _MoveFileW@8               2201a1c6 f   kernel32:KERNEL32.dll
 0001:000191cc       _CopyFileW@12              2201a1cc f   kernel32:KERNEL32.dll
 0001:000191d2       _GetModuleFileNameA@12     2201a1d2 f   kernel32:KERNEL32.dll
 0001:000191d8       _GetModuleFileNameW@12     2201a1d8 f   kernel32:KERNEL32.dll
 0001:000191de       _SetLastError@4            2201a1de f   kernel32:KERNEL32.dll
 0001:000191e4       _wsprintfA                 2201a1e4 f   user32:USER32.dll
 0001:000191ea       _SetCursor@4               2201a1ea f   user32:USER32.dll
 0001:000191f0       _LoadCursorA@8             2201a1f0 f   user32:USER32.dll
 0001:000191f6       _InvalidateRect@12         2201a1f6 f   user32:USER32.dll
 0001:000191fc       _GetClientRect@8           2201a1fc f   user32:USER32.dll
 0001:00019202       _InflateRect@12            2201a202 f   user32:USER32.dll
 0001:00019208       _SetRect@20                2201a208 f   user32:USER32.dll
 0001:0001920e       _CopyRect@8                2201a20e f   user32:USER32.dll
 0001:00019214       _SetWindowLongA@12         2201a214 f   user32:USER32.dll
 0001:0001921a       _CreateWindowExA@48        2201a21a f   user32:USER32.dll
 0001:00019220       _RegisterClassA@4          2201a220 f   user32:USER32.dll
 0001:00019226       _GetClassInfoA@12          2201a226 f   user32:USER32.dll
 0001:0001922c       _IsWindow@4                2201a22c f   user32:USER32.dll
 0001:00019232       _SetFocus@4                2201a232 f   user32:USER32.dll
 0001:00019238       _ShowWindow@8              2201a238 f   user32:USER32.dll
 0001:0001923e       _IsWindowVisible@4         2201a23e f   user32:USER32.dll
 0001:00019244       _GetMenuStringA@20         2201a244 f   user32:USER32.dll
 0001:0001924a       _GetMenuItemCount@4        2201a24a f   user32:USER32.dll
 0001:00019250       _DrawTextA@20              2201a250 f   user32:USER32.dll
 0001:00019256       _GetSysColor@4             2201a256 f   user32:USER32.dll
 0001:0001925c       _DrawIconEx@36             2201a25c f   user32:USER32.dll
 0001:00019262       _FillRect@12               2201a262 f   user32:USER32.dll
 0001:00019268       _DrawEdge@16               2201a268 f   user32:USER32.dll
 0001:0001926e       _FrameRect@12              2201a26e f   user32:USER32.dll
 0001:00019274       _GetSysColorBrush@4        2201a274 f   user32:USER32.dll
 0001:0001927a       _DestroyMenu@4             2201a27a f   user32:USER32.dll
 0001:00019280       _SetCapture@4              2201a280 f   user32:USER32.dll
 0001:00019286       _ReleaseCapture@0          2201a286 f   user32:USER32.dll
 0001:0001928c       _PtInRect@12               2201a28c f   user32:USER32.dll
 0001:00019292       _GetCursorPos@4            2201a292 f   user32:USER32.dll
 0001:00019298       _GetFocus@0                2201a298 f   user32:USER32.dll
 0001:0001929e       _GetSubMenu@8              2201a29e f   user32:USER32.dll
 0001:000192a4       _TrackPopupMenu@28         2201a2a4 f   user32:USER32.dll
 0001:000192aa       _MapWindowPoints@16        2201a2aa f   user32:USER32.dll
 0001:000192b0       _AppendMenuA@16            2201a2b0 f   user32:USER32.dll
 0001:000192b6       _CreatePopupMenu@0         2201a2b6 f   user32:USER32.dll
 0001:000192bc       _SendMessageA@16           2201a2bc f   user32:USER32.dll
 0001:000192c2       _PostMessageA@16           2201a2c2 f   user32:USER32.dll
 0001:000192c8       _EnableMenuItem@12         2201a2c8 f   user32:USER32.dll
 0001:000192ce       _MessageBoxA@16            2201a2ce f   user32:USER32.dll
 0001:000192d4       _MessageBeep@4             2201a2d4 f   user32:USER32.dll
 0001:000192da       _KillTimer@8               2201a2da f   user32:USER32.dll
 0001:000192e0       _SetTimer@16               2201a2e0 f   user32:USER32.dll
 0001:000192e6       _UpdateWindow@4            2201a2e6 f   user32:USER32.dll
 0001:000192ec       _InsertMenuA@20            2201a2ec f   user32:USER32.dll
 0001:000192f2       _EnumChildWindows@12       2201a2f2 f   user32:USER32.dll
 0001:000192f8       _GetWindowThreadProcessId@8 2201a2f8 f   user32:USER32.dll
 0001:000192fe       _DefWindowProcA@16         2201a2fe f   user32:USER32.dll
 0001:00019304       _EndPaint@8                2201a304 f   user32:USER32.dll
 0001:0001930a       _BeginPaint@8              2201a30a f   user32:USER32.dll
 0001:00019310       _GetWindowLongA@8          2201a310 f   user32:USER32.dll
 0001:00019316       _SetWindowPos@28           2201a316 f   user32:USER32.dll
 0001:0001931c       _GetWindowRect@8           2201a31c f   user32:USER32.dll
 0001:00019322       _DestroyWindow@4           2201a322 f   user32:USER32.dll
 0001:00019328       _SetWindowRgn@12           2201a328 f   user32:USER32.dll
 0001:0001932e       _OffsetRect@12             2201a32e f   user32:USER32.dll
 0001:00019334       _EqualRect@8               2201a334 f   user32:USER32.dll
 0001:0001933a       _IntersectRect@12          2201a33a f   user32:USER32.dll
 0001:00019340       _GetKeyState@4             2201a340 f   user32:USER32.dll
 0001:00019346       _GetParent@4               2201a346 f   user32:USER32.dll
 0001:0001934c       _SetPropA@12               2201a34c f   user32:USER32.dll
 0001:00019352       _SetWindowLongW@12         2201a352 f   user32:USER32.dll
 0001:00019358       _SetPropW@12               2201a358 f   user32:USER32.dll
 0001:0001935e       _IsWindowUnicode@4         2201a35e f   user32:USER32.dll
 0001:00019364       _RemovePropA@8             2201a364 f   user32:USER32.dll
 0001:0001936a       _RemovePropW@8             2201a36a f   user32:USER32.dll
 0001:00019370       _GetPropA@8                2201a370 f   user32:USER32.dll
 0001:00019376       _GetPropW@8                2201a376 f   user32:USER32.dll
 0001:0001937c       _DefWindowProcW@16         2201a37c f   user32:USER32.dll
 0001:00019382       _CallWindowProcA@20        2201a382 f   user32:USER32.dll
 0001:00019388       _CallWindowProcW@20        2201a388 f   user32:USER32.dll
 0001:0001938e       _BringWindowToTop@4        2201a38e f   user32:USER32.dll
 0001:00019394       _RemoveMenu@12             2201a394 f   user32:USER32.dll
 0001:0001939a       _SetRectEmpty@4            2201a39a f   user32:USER32.dll
 0001:000193a0       _RegisterClipboardFormatA@4 2201a3a0 f   user32:USER32.dll
 0001:000193a6       _LoadImageA@24             2201a3a6 f   user32:USER32.dll
 0001:000193ac       _ReleaseDC@8               2201a3ac f   user32:USER32.dll
 0001:000193b2       _GetDC@4                   2201a3b2 f   user32:USER32.dll
 0001:000193b8       _LoadStringA@16            2201a3b8 f   user32:USER32.dll
 0001:000193be       _DrawTextW@20              2201a3be f   user32:USER32.dll
 0001:000193c4       _DeleteDC@4                2201a3c4 f   gdi32:GDI32.dll
 0001:000193ca       _BitBlt@36                 2201a3ca f   gdi32:GDI32.dll
 0001:000193d0       _StretchBlt@44             2201a3d0 f   gdi32:GDI32.dll
 0001:000193d6       _GetObjectA@12             2201a3d6 f   gdi32:GDI32.dll
 0001:000193dc       _CreateCompatibleDC@4      2201a3dc f   gdi32:GDI32.dll
 0001:000193e2       _GetTextExtentPoint32A@16  2201a3e2 f   gdi32:GDI32.dll
 0001:000193e8       _DeleteObject@4            2201a3e8 f   gdi32:GDI32.dll
 0001:000193ee       _SetTextColor@8            2201a3ee f   gdi32:GDI32.dll
 0001:000193f4       _SetMapMode@8              2201a3f4 f   gdi32:GDI32.dll
 0001:000193fa       _SetBkMode@8               2201a3fa f   gdi32:GDI32.dll
 0001:00019400       _SelectObject@8            2201a400 f   gdi32:GDI32.dll
 0001:00019406       _CreateFontIndirectA@4     2201a406 f   gdi32:GDI32.dll
 0001:0001940c       _CreateSolidBrush@4        2201a40c f   gdi32:GDI32.dll
 0001:00019412       _RealizePalette@4          2201a412 f   gdi32:GDI32.dll
 0001:00019418       _SelectPalette@12          2201a418 f   gdi32:GDI32.dll
 0001:0001941e       _CreateHalftonePalette@4   2201a41e f   gdi32:GDI32.dll
 0001:00019424       _GetDeviceCaps@8           2201a424 f   gdi32:GDI32.dll
 0001:0001942a       _CreateRectRgnIndirect@4   2201a42a f   gdi32:GDI32.dll
 0001:00019430       _RestoreDC@8               2201a430 f   gdi32:GDI32.dll
 0001:00019436       _SetWindowOrgEx@16         2201a436 f   gdi32:GDI32.dll
 0001:0001943c       _SetViewportOrgEx@16       2201a43c f   gdi32:GDI32.dll
 0001:00019442       _LPtoDP@12                 2201a442 f   gdi32:GDI32.dll
 0001:00019448       _SaveDC@4                  2201a448 f   gdi32:GDI32.dll
 0001:0001944e       _DeleteMetaFile@4          2201a44e f   gdi32:GDI32.dll
 0001:00019454       _CloseMetaFile@4           2201a454 f   gdi32:GDI32.dll
 0001:0001945a       _SetWindowExtEx@16         2201a45a f   gdi32:GDI32.dll
 0001:00019460       _CreateMetaFileW@4         2201a460 f   gdi32:GDI32.dll
 0001:00019466       _CreateCompatibleBitmap@12 2201a466 f   gdi32:GDI32.dll
 0001:0001946c       _ClosePrinter@4            2201a46c f   winspool:WINSPOOL.DRV
 0001:00019472       _OpenPrinterA@12           2201a472 f   winspool:WINSPOOL.DRV
 0001:00019478       _OpenPrinterW@12           2201a478 f   winspool:WINSPOOL.DRV
 0001:0001947e       _GetPrinterA@20            2201a47e f   winspool:WINSPOOL.DRV
 0001:00019484       _GetPrinterW@20            2201a484 f   winspool:WINSPOOL.DRV
 0001:0001948a       _GetOpenFileNameA@4        2201a48a f   comdlg32:COMDLG32.dll
 0001:00019490       _GetSaveFileNameA@4        2201a490 f   comdlg32:COMDLG32.dll
 0001:00019496       _GetOpenFileNameW@4        2201a496 f   comdlg32:COMDLG32.dll
 0001:0001949c       _GetSaveFileNameW@4        2201a49c f   comdlg32:COMDLG32.dll
 0001:000194a2       _RegCloseKey@4             2201a4a2 f   advapi32:ADVAPI32.dll
 0001:000194a8       _RegOpenKeyExA@20          2201a4a8 f   advapi32:ADVAPI32.dll
 0001:000194ae       _RegQueryValueExA@24       2201a4ae f   advapi32:ADVAPI32.dll
 0001:000194b4       _GetUserNameA@8            2201a4b4 f   advapi32:ADVAPI32.dll
 0001:000194ba       _RegSetValueExA@24         2201a4ba f   advapi32:ADVAPI32.dll
 0001:000194c0       _RegCreateKeyExA@36        2201a4c0 f   advapi32:ADVAPI32.dll
 0001:000194c6       _RegDeleteKeyA@8           2201a4c6 f   advapi32:ADVAPI32.dll
 0001:000194cc       _RegEnumKeyExA@32          2201a4cc f   advapi32:ADVAPI32.dll
 0001:000194d2       _RegQueryValueExW@24       2201a4d2 f   advapi32:ADVAPI32.dll
 0001:000194d8       _RegOpenKeyA@12            2201a4d8 f   advapi32:ADVAPI32.dll
 0001:000194de       _RegSetValueExW@24         2201a4de f   advapi32:ADVAPI32.dll
 0001:000194e4       _RegEnumKeyA@16            2201a4e4 f   advapi32:ADVAPI32.dll
 0001:000194ea       _DragAcceptFiles@8         2201a4ea f   shell32:SHELL32.dll
 0001:000194f0       _DragQueryFileA@16         2201a4f0 f   shell32:SHELL32.dll
 0001:000194f6       _CLSIDFromProgID@8         2201a4f6 f   ole32:ole32.dll
 0001:000194fc       _ReadClassStg@8            2201a4fc f   ole32:ole32.dll
 0001:00019502       _StgOpenStorage@24         2201a502 f   ole32:ole32.dll
 0001:00019508       _StgIsStorageFile@4        2201a508 f   ole32:ole32.dll
 0001:0001950e       _OleRegEnumVerbs@8         2201a50e f   ole32:ole32.dll
 0001:00019514       _OleRegGetUserType@12      2201a514 f   ole32:ole32.dll
 0001:0001951a       _CreateOleAdviseHolder@4   2201a51a f   ole32:ole32.dll
 0001:00019520       _OleRegEnumFormatEtc@12    2201a520 f   ole32:ole32.dll
 0001:00019526       _CreateDataAdviseHolder@4  2201a526 f   ole32:ole32.dll
 0001:0001952c       _StgCreateDocfile@16       2201a52c f   ole32:ole32.dll
 0001:00019532       _OleDoAutoConvert@8        2201a532 f   ole32:ole32.dll
 0001:00019538       _OleGetAutoConvert@8       2201a538 f   ole32:ole32.dll
 0001:0001953e       _CreateFileMoniker@8       2201a53e f   ole32:ole32.dll
 0001:00019544       _CreateBindCtx@8           2201a544 f   ole32:ole32.dll
 0001:0001954a       _GetClassFile@8            2201a54a f   ole32:ole32.dll
 0001:00019550       _WriteClassStg@8           2201a550 f   ole32:ole32.dll
 0001:00019556       _CoDisconnectObject@8      2201a556 f   ole32:ole32.dll
 0001:0001955c       _CoCreateInstance@20       2201a55c f   ole32:ole32.dll
 0001:00019562       _CoTaskMemFree@4           2201a562 f   ole32:ole32.dll
 0001:00019568       _CoGetClassObject@20       2201a568 f   ole32:ole32.dll
 0001:0001956e       _ReleaseStgMedium@4        2201a56e f   ole32:ole32.dll
 0001:00019574       _CoTaskMemAlloc@4          2201a574 f   ole32:ole32.dll
 0001:0001957a       _StringFromCLSID@8         2201a57a f   ole32:ole32.dll
 0001:00019580       _ProgIDFromCLSID@8         2201a580 f   ole32:ole32.dll
 0001:00019586       _CLSIDFromString@8         2201a586 f   ole32:ole32.dll
 0001:0001958c       _SysFreeString@4           2201a58c f   oleaut32:OLEAUT32.dll
 0001:00019592       _VariantClear@4            2201a592 f   oleaut32:OLEAUT32.dll
 0001:00019598       _SysAllocString@4          2201a598 f   oleaut32:OLEAUT32.dll
 0001:0001959e       _SysStringLen@4            2201a59e f   oleaut32:OLEAUT32.dll
 0001:000195a4       _VariantInit@4             2201a5a4 f   oleaut32:OLEAUT32.dll
 0001:000195aa       _OleTranslateColor@12      2201a5aa f   oleaut32:OLEAUT32.dll
 0001:000195b0       _SysStringByteLen@4        2201a5b0 f   oleaut32:OLEAUT32.dll
 0001:000195b6       _SafeArrayUnaccessData@4   2201a5b6 f   oleaut32:OLEAUT32.dll
 0001:000195bc       _SafeArrayAccessData@8     2201a5bc f   oleaut32:OLEAUT32.dll
 0001:000195c2       _SafeArrayCreateVector@12  2201a5c2 f   oleaut32:OLEAUT32.dll
 0001:000195c8       _SafeArrayGetElemsize@4    2201a5c8 f   oleaut32:OLEAUT32.dll
 0001:000195ce       _SafeArrayGetUBound@12     2201a5ce f   oleaut32:OLEAUT32.dll
 0001:000195d4       _SafeArrayGetLBound@12     2201a5d4 f   oleaut32:OLEAUT32.dll
 0001:000195da       _SafeArrayGetDim@4         2201a5da f   oleaut32:OLEAUT32.dll
 0001:000195e0       _RegisterTypeLib@12        2201a5e0 f   oleaut32:OLEAUT32.dll
 0001:000195e6       _LoadTypeLib@8             2201a5e6 f   oleaut32:OLEAUT32.dll
 0001:000195ec       _LoadRegTypeLib@20         2201a5ec f   oleaut32:OLEAUT32.dll
 0001:000195f2       _SetErrorInfo@8            2201a5f2 f   oleaut32:OLEAUT32.dll
 0001:000195f8       _CreateErrorInfo@4         2201a5f8 f   oleaut32:OLEAUT32.dll
 0001:00019600       _memcmp                    2201a600 f   LIBCMTD:memcmp.obj
 0001:0001a070       @__security_check_cookie@4 2201b070 f   LIBCMTD:secchk.obj
 0001:0001a080       ?name@type_info@@QBEPBDPAU__type_info_node@@@Z 2201b080 f   LIBCMTD:typinfo.obj
 0001:0001a0a0       ??1type_info@@UAE@XZ       2201b0a0 f   LIBCMTD:typinfo.obj
 0001:0001a0d0       ??_Gtype_info@@UAEPAXI@Z   2201b0d0 f i LIBCMTD:typinfo.obj
 0001:0001a0d0       ??_Etype_info@@UAEPAXI@Z   2201b0d0 f i LIBCMTD:typinfo.obj
 0001:0001a100       ?_name_internal_method@type_info@@QBEPBDPAU__type_info_node@@@Z 2201b100 f   LIBCMTD:typinfo.obj
 0001:0001a120       ?_type_info_dtor_internal_method@type_info@@QAEXXZ 2201b120 f   LIBCMTD:typinfo.obj
 0001:0001a140       ??8type_info@@QBE_NABV0@@Z 2201b140 f   LIBCMTD:typinfo.obj
 0001:0001a170       ??9type_info@@QBE_NABV0@@Z 2201b170 f   LIBCMTD:typinfo.obj
 0001:0001a1a0       ?before@type_info@@QBEHABV1@@Z 2201b1a0 f   LIBCMTD:typinfo.obj
 0001:0001a1d0       ?raw_name@type_info@@QBEPBDXZ 2201b1d0 f   LIBCMTD:typinfo.obj
 0001:0001a1f0       ??0type_info@@AAE@ABV0@@Z  2201b1f0 f   LIBCMTD:typinfo.obj
 0001:0001a210       ??4type_info@@AAEAAV0@ABV0@@Z 2201b210 f   LIBCMTD:typinfo.obj
 0001:0001a230       ?_JumpToContinuation@@YGXPAXPAUEHRegistrationNode@@@Z 2201b230 f   LIBCMTD:_trnsctrl_.obj
 0001:0001a270       ?_CallMemberFunction0@@YGXPAX0@Z 2201b270 f   LIBCMTD:_trnsctrl_.obj
 0001:0001a280       ?_CallMemberFunction1@@YGXPAX00@Z 2201b280 f   LIBCMTD:_trnsctrl_.obj
 0001:0001a290       ?_CallMemberFunction2@@YGXPAX00H@Z 2201b290 f   LIBCMTD:_trnsctrl_.obj
[...]
 0003:00001f04       ?pTemplateArgList@UnDecorator@@0PAVReplicator@@A 2206df04     LIBCMTD:undname.obj
 0003:00001f08       ?gName@UnDecorator@@0PBDB  2206df08     LIBCMTD:undname.obj
 0003:00001f0c       ?name@UnDecorator@@0PBDB   2206df0c     LIBCMTD:undname.obj
 0003:00001f10       ?outputString@UnDecorator@@0PADA 2206df10     LIBCMTD:undname.obj
 0003:00001f14       ?maxStringLength@UnDecorator@@0HA 2206df14     LIBCMTD:undname.obj
 0003:00001f18       ?disableFlags@UnDecorator@@0KA 2206df18     LIBCMTD:undname.obj
 0003:00001f1c       ?m_pGetParameter@UnDecorator@@0P6APADJ@ZA 2206df1c     LIBCMTD:undname.obj
 0003:00001f20       ?fExplicitTemplateParams@UnDecorator@@0_NA 2206df20     LIBCMTD:undname.obj
 0003:00001f21       ?fGetTemplateArgumentList@UnDecorator@@0_NA 2206df21     LIBCMTD:undname.obj
 0003:00001f78       ?nodes@?1??make@DNameStatusNode@@SAPAV2@W4DNameStatus@@@Z@4PAV2@A 2206df78     LIBCMTD:undname.obj
 0003:00001fa8       ??_B?1??make@DNameStatusNode@@SAPAV1@W4DNameStatus@@@Z@51 2206dfa8     LIBCMTD:undname.obj
 0003:00001fac       ___pInvalidArgHandler      2206dfac     LIBCMTD:invarg.obj
 0003:00001fb4       ___mbulinfo                2206dfb4     LIBCMTD:mbctype.obj
 0003:00001fc0       ___mbcodepage              2206dfc0     LIBCMTD:mbctype.obj
 0003:00001fc4       ___ismbcodepage            2206dfc4     LIBCMTD:mbctype.obj
 0003:00001fc8       ___mblcid                  2206dfc8     LIBCMTD:mbctype.obj
 0003:00001fcc       __newmode                  2206dfcc     LIBCMTD:_newmode.obj
 0003:00001fd0       ?_pnhHeap@@3P6AHI@ZA       2206dfd0     LIBCMTD:handler.obj
 0003:00002618       ___pPurecall               2206e618     LIBCMTD:inithelp.obj
 0003:00002630       ___lconv_static_null       2206e630     LIBCMTD:lconv.obj
 0003:00002634       ___lconv_static_W_null     2206e634     LIBCMTD:lconv.obj
 0003:0000264c       ___locale_changed          2206e64c     LIBCMTD:setlocal.obj
 0003:00002650       __cflush                   2206e650     LIBCMTD:_file.obj
 0003:00002658       __stdbuf                   2206e658     LIBCMTD:_sftbuf.obj
 0003:00002660       ___piob                    2206e660     <common>
 0003:00002680       __bufin                    2206e680     <common>
 0003:00003680       __nstream                  2206f680     <common>
 0003:00003684       ___setlc_active            2206f684     <common>
 0003:00003688       ___unguarded_readlc_active 2206f688     <common>
 0003:0000368c       __pfnReportHook            2206f68c     <common>
 0003:00003690       __pReportHookListW         2206f690     <common>
 0003:00003694       __pReportHookList          2206f694     <common>
 0003:00003698       __debugger_hook_dummy      2206f698     <common>
 0003:0000369c       __nhandle                  2206f69c     <common>
 0003:000036a0       ___pioinfo                 2206f6a0     <common>
 0003:000037a0       ___env_initialized         2206f7a0     <common>
 0003:000037a4       ___onexitend               2206f7a4     <common>
 0003:000037a8       ___onexitbegin             2206f7a8     <common>
 0003:000037ac       ___mbctype_initialized     2206f7ac     <common>
 0003:000037b0       __FPinit                   2206f7b0     <common>
 0003:000037b4       ___dyn_tls_init_callback   2206f7b4     <common>
 0003:000037b8       ___sse2_available          2206f7b8     <common>
 0003:000037bc       __acmdln                   2206f7bc     <common>

 entry point at        0001:0001aff0

 Static symbols

 0001:0000a970       ?_SpecialKeyState@@YAFXZ   2200b970 f   dsofcontrol.obj
 0001:00016810       ?RegRecursiveDeleteKey@@YAJPAUHKEY__@@PBD@Z 22017810 f   mainentry.obj
 0001:000197c0       _cmpBYTE                   2201a7c0 f   LIBCMTD:memcmp.obj
 0001:000197f0       _cmpResult                 2201a7f0 f   LIBCMTD:memcmp.obj
 0001:00019810       _unaligned_memcmp          2201a810 f   LIBCMTD:memcmp.obj
 0001:00019f20       _cmpWORD                   2201af20 f   LIBCMTD:memcmp.obj
 0001:00019fa0       _cmpDWORD                  2201afa0 f   LIBCMTD:memcmp.obj
 0001:0001a460       ?CatchGuardHandler@@YA?AW4_EXCEPTION_DISPOSITION@@PAUEHExceptionRecord@@PAUCatchGuardRN@@PAX2@Z 2201b460 f   LIBCMTD:_trnsctrl_.obj
 0001:0001a5a0       ?TranslatorGuardHandler@@YA?AW4_EXCEPTION_DISPOSITION@@PAUEHExceptionRecord@@PAUTranslatorGuardRN@@PAX2@Z 2201b5a0 f   LIBCMTD:_trnsctrl_.obj
 0001:0001a950       _ValidateLocalCookies      2201b950 f   LIBCMTD:chandler4.obj
 0001:0001b020       ___DllMainCRTStartup       2201c020 f   LIBCMTD:dllcrt0.obj
 0001:0001bba0       ?FindHandler@@YAXPAUEHExceptionRecord@@PAUEHRegistrationNode@@PAU_CONTEXT@@PAXPBU_s_FuncInfo@@EH1@Z 2201cba0 f   LIBCMTD:frame.obj
 0001:0001c0f0       ?FindHandlerForForeignException@@YAXPAUEHExceptionRecord@@PAUEHRegistrationNode@@PAU_CONTEXT@@PAXPBU_s_FuncInfo@@HH1@Z 2201d0f0 f   LIBCMTD:frame.obj
 0001:0001c530       ?CatchIt@@YAXPAUEHExceptionRecord@@PAUEHRegistrationNode@@PAU_CONTEXT@@PAXPBU_s_FuncInfo@@PBU_s_HandlerType@@PBU_s_CatchableType@@PBU_s_TryBlockMapEntry@@H1E@Z 2201d530 f   LIBCMTD:frame.obj
 0001:0001c5f0       ?CallCatchBlock@@YAPAXPAUEHExceptionRecord@@PAUEHRegistrationNode@@PAU_CONTEXT@@PBU_s_FuncInfo@@PAXHK@Z 2201d5f0 f   LIBCMTD:frame.obj
 0001:0001c880       ?ExFilterRethrow@@YAHPAU_EXCEPTION_POINTERS@@@Z 2201d880 f   LIBCMTD:frame.obj
 0001:0001d4f0       ?IsInExceptionSpec@@YAEPAUEHExceptionRecord@@PBU_s_ESTypeList@@@Z 2201e4f0 f   LIBCMTD:frame.obj
 0001:0001d5b0       ?CallUnexpected@@YAXPBU_s_ESTypeList@@@Z 2201e5b0 f   LIBCMTD:frame.obj
 0001:0001d5fe       __catch$?CallUnexpected@@YAXPBU_s_ESTypeList@@@Z$0 2201e5fe f   LIBCMTD:frame.obj
 0001:0001d640       ?Is_bad_exception_allowed@@YAEPBU_s_ESTypeList@@@Z 2201e640 f   LIBCMTD:frame.obj
 0001:0001e1a0       __unwind_handler4          2201f1a0 f   LIBCMTD:exsup4.obj
 0001:0001e710       __nh_malloc_dbg_impl       2201f710 f   LIBCMTD:dbgheap.obj
 0001:0001e7b0       __heap_alloc_dbg_impl      2201f7b0 f   LIBCMTD:dbgheap.obj
 0001:0001ed80       _realloc_help              2201fd80 f   LIBCMTD:dbgheap.obj
 0001:0001fe40       _CheckBytes                22020e40 f   LIBCMTD:dbgheap.obj
 0001:00020d20       ?_CrtMemDumpAllObjectsSince_stat@@YAXPBU_CrtMemState@@PAUlocaleinfo_struct@@@Z 22021d20 f   LIBCMTD:dbgheap.obj
 0001:00021030       __printMemBlockData        22022030 f   LIBCMTD:dbgheap.obj
 0001:00021f90       _doexit                    22022f90 f   LIBCMTD:crt0dat.obj
 0001:00022280       __initterm                 22023280 f   LIBCMTD:crt0dat.obj
 0001:00022c50       _parse_cmdline             22023c50 f   LIBCMTD:stdargv.obj
 0001:000234c0       _xcptlookup                220244c0 f   LIBCMTD:winxfltr.obj
 0001:0002db60       ?und_strlen@@YAIPBD@Z      2202eb60 f   LIBCMTD:undname.obj
 0001:0002dba0       ?und_memcpy@@YAXPADPBDI@Z  2202eba0 f   LIBCMTD:undname.obj
 0001:0002dbe0       ?und_strncmp@@YAIPBD0I@Z   2202ebe0 f   LIBCMTD:undname.obj
 0001:0002e920       __unwind_handler           2202f920 f   LIBCMTD:exsup.obj
 0001:0002f480       ?getSystemCP@@YAHH@Z       22030480 f   LIBCMTD:mbctype.obj
 0001:0002f8e0       ?CPtoLCID@@YAHH@Z          220308e0 f   LIBCMTD:mbctype.obj
 0001:0002f960       ?setSBCS@@YAXPAUthreadmbcinfostruct@@@Z 22030960 f   LIBCMTD:mbctype.obj
 0001:0002fa40       ?setSBUpLow@@YAXPAUthreadmbcinfostruct@@@Z 22030a40 f   LIBCMTD:mbctype.obj
 0001:00030ac0       __is_LFH_enabled           22031ac0 f   LIBCMTD:expand.obj
 0001:000312c0       __onexit_nolock            220322c0 f   LIBCMTD:onexit.obj
 0001:00031c90       _ctrlevent_capture@4       22032c90 f   LIBCMTD:winsig.obj
 0001:00032090       _siglookup                 22033090 f   LIBCMTD:winsig.obj
 0001:00032960       ?x_ismbbtype_l@@YAHPAUlocaleinfo_struct@@IHH@Z 22033960 f   LIBCMTD:ismbbyte.obj
 0001:00034b80       __get_lc_time              22035b80 f   LIBCMTD:inittime.obj
 0001:00036160       _fix_grouping              22037160 f   LIBCMTD:initnum.obj
 0001:00036800       _fix_grouping              22037800 f   LIBCMTD:initmon.obj
 0001:00036b40       ?__crtLCMapStringA_stat@@YAHPAUlocaleinfo_struct@@KKPBDHPADHHH@Z 22037b40 f   LIBCMTD:a_map.obj
 0001:00036e70       ?strncnt@@YAHPBDH@Z        22037e70 f   LIBCMTD:a_map.obj
 0001:00036f20       ?__crtGetStringTypeA_stat@@YAHPAUlocaleinfo_struct@@KPBDHPAGHHH@Z 22037f20 f   LIBCMTD:a_str.obj
 0001:000387d0       _write_char                220397d0 f   LIBCMTD:output.obj
 0001:00038880       _write_multi_char          22039880 f   LIBCMTD:output.obj
 0001:000388c0       _write_string              220398c0 f   LIBCMTD:output.obj
 0001:0003a000       __copytlocinfo_nolock      2203b000 f   LIBCMTD:setlocal.obj
 0001:0003a400       _sync_legacy_variables_lk  2203b400 f   LIBCMTD:setlocal.obj
 0001:0003a440       __setlocale_nolock         2203b440 f   LIBCMTD:setlocal.obj
 0001:0003a830       __setlocale_set_cat        2203b830 f   LIBCMTD:setlocal.obj
 0001:0003ad60       __setlocale_get_all        2203bd60 f   LIBCMTD:setlocal.obj
 0001:0003c360       ?__crtGetLocaleInfoA_stat@@YAHPAUlocaleinfo_struct@@KKPADH@Z 2203d360 f   LIBCMTD:a_loc.obj
 0001:0003d020       _xtoa_s@20                 2203e020 f   LIBCMTD:xtoas.obj
 0001:0003d440       @x64toa_s@24               2203e440 f   LIBCMTD:xtoas.obj
 0001:0003dcf0       ?wcsncnt@@YAIPB_WI@Z       2203ecf0 f   LIBCMTD:wcstombs.obj
 0001:0003eb70       _xtow_s@20                 2203fb70 f   LIBCMTD:xtows.obj
 0001:0003efb0       @x64tow_s@24               2203ffb0 f   LIBCMTD:xtows.obj
 0001:00040440       _write_char                22041440 f   LIBCMTD:woutput.obj
 0001:000404a0       _write_multi_char          220414a0 f   LIBCMTD:woutput.obj
 0001:000404e0       _write_string              220414e0 f   LIBCMTD:woutput.obj
 0001:00040980       ?strtoxl@@YAKPAUlocaleinfo_struct@@PBDPAPBDHH@Z 22041980 f   LIBCMTD:strtol.obj
 0001:00040f60       ?strtoxq@@YA_KPAUlocaleinfo_struct@@PBDPAPBDHH@Z 22041f60 f   LIBCMTD:strtoq.obj
 0001:00046e20       _write_char                22047e20 f   LIBCMTD:outputp.obj
 0001:00046ed0       _write_multi_char          22047ed0 f   LIBCMTD:outputp.obj
 0001:00046f10       _write_string              22047f10 f   LIBCMTD:outputp.obj
 0001:00048400       _write_char                22049400 f   LIBCMTD:outputs.obj
 0001:000484b0       _write_multi_char          220494b0 f   LIBCMTD:outputs.obj
 0001:000484f0       _write_string              220494f0 f   LIBCMTD:outputs.obj
 0001:00049240       _TranslateName             2204a240 f   LIBCMTD:getqloc.obj
 0001:000492d0       _GetLcidFromLangCountry    2204a2d0 f   LIBCMTD:getqloc.obj
 0001:00049390       _LangCountryEnumProc@4     2204a390 f   LIBCMTD:getqloc.obj
 0001:000497d0       _GetLcidFromLanguage       2204a7d0 f   LIBCMTD:getqloc.obj
 0001:00049850       _LanguageEnumProc@4        2204a850 f   LIBCMTD:getqloc.obj
 0001:000499f0       _GetLcidFromCountry        2204a9f0 f   LIBCMTD:getqloc.obj
 0001:00049a40       _CountryEnumProc@4         2204aa40 f   LIBCMTD:getqloc.obj
 0001:00049b40       _GetLcidFromDefault        2204ab40 f   LIBCMTD:getqloc.obj
 0001:00049b80       _ProcessCodePage           2204ab80 f   LIBCMTD:getqloc.obj
 0001:00049c30       _TestDefaultCountry        2204ac30 f   LIBCMTD:getqloc.obj
 0001:00049c80       _TestDefaultLanguage       2204ac80 f   LIBCMTD:getqloc.obj
 0001:00049d00       _LcidFromHexString         2204ad00 f   LIBCMTD:getqloc.obj
 0001:00049d80       _GetPrimaryLen             2204ad80 f   LIBCMTD:getqloc.obj
 0001:0004afe0       _write_char                2204bfe0 f   LIBCMTD:woutputs.obj
 0001:0004b040       _write_multi_char          2204c040 f   LIBCMTD:woutputs.obj
 0001:0004b080       _write_string              2204c080 f   LIBCMTD:woutputs.obj
 0001:0004e9d0       _write_char                2204f9d0 f   LIBCMTD:woutputp.obj
 0001:0004ea30       _write_multi_char          2204fa30 f   LIBCMTD:woutputp.obj
 0001:0004ea70       _write_string              2204fa70 f   LIBCMTD:woutputp.obj
 0001:0004fef0       _flsall                    22050ef0 f   LIBCMTD:fflush.obj
 0001:00050ba0       ?wcstoxl@@YAKPB_WPAPB_WHH@Z 22051ba0 f   LIBCMTD:wcstol.obj
 0001:000521b0       __unwindfunclet$?CreateInstance@CDsoFramerClassFactory@@UAGJPAUIUnknown@@ABU_GUID@@PAPAX@Z$0 220531b0 f   classfactory.obj
 0001:000521bb       __ehhandler$?CreateInstance@CDsoFramerClassFactory@@UAGJPAUIUnknown@@ABU_GUID@@PAPAX@Z 220531bb f   classfactory.obj
 0001:000521e0       __unwindfunclet$??0CDsoFramerControl@@QAE@PAUIUnknown@@@Z$0 220531e0 f   dsofcontrol.obj
 0001:000521eb       __unwindfunclet$??0CDsoFramerControl@@QAE@PAUIUnknown@@@Z$1 220531eb f   dsofcontrol.obj
 0001:000521f6       __unwindfunclet$??0CDsoFramerControl@@QAE@PAUIUnknown@@@Z$2 220531f6 f   dsofcontrol.obj
 0001:00052201       __unwindfunclet$??0CDsoFramerControl@@QAE@PAUIUnknown@@@Z$3 22053201 f   dsofcontrol.obj
 0001:0005220c       __unwindfunclet$??0CDsoFramerControl@@QAE@PAUIUnknown@@@Z$4 2205320c f   dsofcontrol.obj
 0001:00052217       __unwindfunclet$??0CDsoFramerControl@@QAE@PAUIUnknown@@@Z$5 22053217 f   dsofcontrol.obj
 0001:00052222       __unwindfunclet$??0CDsoFramerControl@@QAE@PAUIUnknown@@@Z$6 22053222 f   dsofcontrol.obj
 0001:0005222d       __unwindfunclet$??0CDsoFramerControl@@QAE@PAUIUnknown@@@Z$7 2205322d f   dsofcontrol.obj
 0001:00052238       __unwindfunclet$??0CDsoFramerControl@@QAE@PAUIUnknown@@@Z$8 22053238 f   dsofcontrol.obj
 0001:00052243       __unwindfunclet$??0CDsoFramerControl@@QAE@PAUIUnknown@@@Z$9 22053243 f   dsofcontrol.obj
 0001:0005224e       __unwindfunclet$??0CDsoFramerControl@@QAE@PAUIUnknown@@@Z$10 2205324e f   dsofcontrol.obj
 0001:00052259       __unwindfunclet$??0CDsoFramerControl@@QAE@PAUIUnknown@@@Z$11 22053259 f   dsofcontrol.obj
 0001:00052264       __unwindfunclet$??0CDsoFramerControl@@QAE@PAUIUnknown@@@Z$12 22053264 f   dsofcontrol.obj
 0001:0005226f       __unwindfunclet$??0CDsoFramerControl@@QAE@PAUIUnknown@@@Z$13 2205326f f   dsofcontrol.obj
 0001:0005227a       __unwindfunclet$??0CDsoFramerControl@@QAE@PAUIUnknown@@@Z$14 2205327a f   dsofcontrol.obj
 0001:00052285       __unwindfunclet$??0CDsoFramerControl@@QAE@PAUIUnknown@@@Z$15 22053285 f   dsofcontrol.obj
 0001:00052290       __unwindfunclet$??0CDsoFramerControl@@QAE@PAUIUnknown@@@Z$16 22053290 f   dsofcontrol.obj
 0001:0005229e       __ehhandler$??0CDsoFramerControl@@QAE@PAUIUnknown@@@Z 2205329e f   dsofcontrol.obj
 0001:000522b9       __unwindfunclet$??1CDsoFramerControl@@QAE@XZ$0 220532b9 f   dsofcontrol.obj
 0001:000522c4       __unwindfunclet$??1CDsoFramerControl@@QAE@XZ$1 220532c4 f   dsofcontrol.obj
 0001:000522cf       __unwindfunclet$??1CDsoFramerControl@@QAE@XZ$2 220532cf f   dsofcontrol.obj
 0001:000522da       __unwindfunclet$??1CDsoFramerControl@@QAE@XZ$3 220532da f   dsofcontrol.obj
 0001:000522e5       __unwindfunclet$??1CDsoFramerControl@@QAE@XZ$4 220532e5 f   dsofcontrol.obj
 0001:000522f0       __unwindfunclet$??1CDsoFramerControl@@QAE@XZ$5 220532f0 f   dsofcontrol.obj
 0001:000522fb       __unwindfunclet$??1CDsoFramerControl@@QAE@XZ$6 220532fb f   dsofcontrol.obj
 0001:00052306       __unwindfunclet$??1CDsoFramerControl@@QAE@XZ$7 22053306 f   dsofcontrol.obj
 0001:00052311       __unwindfunclet$??1CDsoFramerControl@@QAE@XZ$8 22053311 f   dsofcontrol.obj
 0001:0005231c       __unwindfunclet$??1CDsoFramerControl@@QAE@XZ$9 2205331c f   dsofcontrol.obj
 0001:00052327       __unwindfunclet$??1CDsoFramerControl@@QAE@XZ$10 22053327 f   dsofcontrol.obj
 0001:00052332       __unwindfunclet$??1CDsoFramerControl@@QAE@XZ$11 22053332 f   dsofcontrol.obj
 0001:0005233d       __unwindfunclet$??1CDsoFramerControl@@QAE@XZ$12 2205333d f   dsofcontrol.obj
 0001:00052348       __unwindfunclet$??1CDsoFramerControl@@QAE@XZ$13 22053348 f   dsofcontrol.obj
 0001:00052353       __unwindfunclet$??1CDsoFramerControl@@QAE@XZ$14 22053353 f   dsofcontrol.obj
 0001:0005235e       __unwindfunclet$??1CDsoFramerControl@@QAE@XZ$15 2205335e f   dsofcontrol.obj
 0001:00052369       __unwindfunclet$??1CDsoFramerControl@@QAE@XZ$16 22053369 f   dsofcontrol.obj
 0001:00052377       __unwindfunclet$??1CDsoFramerControl@@QAE@XZ$17 22053377 f   dsofcontrol.obj
 0001:00052385       __ehhandler$??1CDsoFramerControl@@QAE@XZ 22053385 f   dsofcontrol.obj
 0001:000523a0       __unwindfunclet$?RegisterFramerControl@CDsoFrameHookManager@@SGPAV1@PAUHWND__@@0@Z$0 220533a0 f   dsofcontrol.obj
 0001:000523ab       __ehhandler$?RegisterFramerControl@CDsoFrameHookManager@@SGPAV1@PAUHWND__@@0@Z 220533ab f   dsofcontrol.obj
 0001:000523c6       __unwindfunclet$?AttachToFrameWindow@CDsoFrameWindowHook@@SGPAV1@PAUHWND__@@@Z$0 220533c6 f   dsofcontrol.obj
 0001:000523d1       __ehhandler$?AttachToFrameWindow@CDsoFrameWindowHook@@SGPAV1@PAUHWND__@@@Z 220533d1 f   dsofcontrol.obj
 0001:000523f0       __unwindfunclet$??0CDsoDocObject@@QAE@XZ$0 220533f0 f   dsofdocobj.obj
 0001:000523fb       __unwindfunclet$??0CDsoDocObject@@QAE@XZ$1 220533fb f   dsofdocobj.obj
 0001:00052406       __unwindfunclet$??0CDsoDocObject@@QAE@XZ$2 22053406 f   dsofdocobj.obj
 0001:00052411       __unwindfunclet$??0CDsoDocObject@@QAE@XZ$3 22053411 f   dsofdocobj.obj
 0001:0005241c       __unwindfunclet$??0CDsoDocObject@@QAE@XZ$4 2205341c f   dsofdocobj.obj
 0001:00052427       __unwindfunclet$??0CDsoDocObject@@QAE@XZ$5 22053427 f   dsofdocobj.obj
 0001:00052432       __unwindfunclet$??0CDsoDocObject@@QAE@XZ$6 22053432 f   dsofdocobj.obj
 0001:0005243d       __unwindfunclet$??0CDsoDocObject@@QAE@XZ$7 2205343d f   dsofdocobj.obj
 0001:00052448       __ehhandler$??0CDsoDocObject@@QAE@XZ 22053448 f   dsofdocobj.obj
 0001:00052463       __unwindfunclet$??1CDsoDocObject@@QAE@XZ$0 22053463 f   dsofdocobj.obj
 0001:0005246e       __unwindfunclet$??1CDsoDocObject@@QAE@XZ$1 2205346e f   dsofdocobj.obj
 0001:00052479       __unwindfunclet$??1CDsoDocObject@@QAE@XZ$2 22053479 f   dsofdocobj.obj
 0001:00052484       __unwindfunclet$??1CDsoDocObject@@QAE@XZ$3 22053484 f   dsofdocobj.obj
 0001:0005248f       __unwindfunclet$??1CDsoDocObject@@QAE@XZ$4 2205348f f   dsofdocobj.obj
 0001:0005249a       __unwindfunclet$??1CDsoDocObject@@QAE@XZ$5 2205349a f   dsofdocobj.obj
 0001:000524a5       __unwindfunclet$??1CDsoDocObject@@QAE@XZ$6 220534a5 f   dsofdocobj.obj
 0001:000524b0       __unwindfunclet$??1CDsoDocObject@@QAE@XZ$7 220534b0 f   dsofdocobj.obj
 0001:000524bb       __unwindfunclet$??1CDsoDocObject@@QAE@XZ$8 220534bb f   dsofdocobj.obj
 0001:000524c6       __ehhandler$??1CDsoDocObject@@QAE@XZ 220534c6 f   dsofdocobj.obj
 0001:000524e1       __unwindfunclet$?CreateInstance@CDsoDocObject@@SGPAV1@PAUIDsoDocObjectSite@@@Z$0 220534e1 f   dsofdocobj.obj
 0001:000524ec       __ehhandler$?CreateInstance@CDsoDocObject@@SGPAV1@PAUIDsoDocObjectSite@@@Z 220534ec f   dsofdocobj.obj
 0001:00052510       __ehhandler$?CallUnexpected@@YAXPBU_s_ESTypeList@@@Z 22053510 f   LIBCMTD:frame.obj
 0001:00052530       __unwindfunclet$?make@DNameStatusNode@@SAPAV1@W4DNameStatus@@@Z$0 22053530 f   LIBCMTD:undname.obj
 0001:0005253e       __ehhandler$?make@DNameStatusNode@@SAPAV1@W4DNameStatus@@@Z 2205353e f   LIBCMTD:undname.obj
 0001:00052560       __unwindfunclet$?getSystemCP@@YAHH@Z$0 22053560 f   LIBCMTD:mbctype.obj
 0001:00052568       __ehhandler$?getSystemCP@@YAHH@Z 22053568 f   LIBCMTD:mbctype.obj
 0001:00052590       __unwindfunclet$?x_ismbbtype_l@@YAHPAUlocaleinfo_struct@@IHH@Z$0 22053590 f   LIBCMTD:ismbbyte.obj
 0001:00052598       __ehhandler$?x_ismbbtype_l@@YAHPAUlocaleinfo_struct@@IHH@Z 22053598 f   LIBCMTD:ismbbyte.obj
 0001:000525c0       __unwindfunclet$?strtoxl@@YAKPAUlocaleinfo_struct@@PBDPAPBDHH@Z$0 220535c0 f   LIBCMTD:strtol.obj
 0001:000525c8       __ehhandler$?strtoxl@@YAKPAUlocaleinfo_struct@@PBDPAPBDHH@Z 220535c8 f   LIBCMTD:strtol.obj
 0001:000525f0       __unwindfunclet$?strtoxq@@YA_KPAUlocaleinfo_struct@@PBDPAPBDHH@Z$0 220535f0 f   LIBCMTD:strtoq.obj
 0001:000525f8       __ehhandler$?strtoxq@@YA_KPAUlocaleinfo_struct@@PBDPAPBDHH@Z 220535f8 f   LIBCMTD:strtoq.obj
